<html>
<body>
<pre>
<h1>µVision Build Log</h1>
<h2>Tool Versions:</h2>
IDE-Version: ¶ÃVision V5.17.0.0
Copyright (C) 2015 ARM Ltd and ARM Germany GmbH. All rights reserved.
License Information: wang yi, huawei, LIC=ATTTG-VTR8U-SBIEJ-UIH0N-AJNCL-Q36CK
 
Tool Versions:
Toolchain:       MDK-ARM Standard  Version: 5.17
Toolchain Path:  D:\Keil_v5\ARM\ARMCC\Bin
C Compiler:      Armcc.exe V5.06 update 1 (build 61)
Assembler:       Armasm.exe V5.06 update 1 (build 61)
Linker/Locator:  ArmLink.exe V5.06 update 1 (build 61)
Library Manager: ArmAr.exe V5.06 update 1 (build 61)
Hex Converter:   FromElf.exe V5.06 update 1 (build 61)
CPU DLL:         SARMCM3.DLL V5.17
Dialog DLL:      DCM.DLL V1.13.4.0
Target DLL:      Segger\JL2CM3.dll V2.99.16.0
Dialog DLL:      TCM.DLL V1.14.6.0
 
<h2>Project:</h2>
G:\Project\1_5KW\Program\Project\Project.uvproj
Project File Date:  07/06/2016

<h2>Output:</h2>
*** Using Compiler 'V5.06 update 1 (build 61)', folder: 'D:\Keil_v5\ARM\ARMCC\Bin'
Build target '1.5KWµÁ‘¥'
compiling Timer.c...
..\User\Timer.c(235): warning:  #1-D: last line of file ends without a newline
  }
..\User\Timer.c: 1 warning, 0 errors
compiling USART.c...
compiling main.c...
..\User\main.c(41): warning:  #1-D: last line of file ends without a newline
  /*********************************************END OF FILE**********************/
..\User\main.c: 1 warning, 0 errors
linking...
Program Size: Code=8580 RO-data=336 RW-data=272 ZI-data=1216  
FromELF: creating hex file...
"..\Output\Project.axf" - 0 Error(s), 2 Warning(s).
Build Time Elapsed:  00:00:02
</pre>
</body>
</html>
