ARM Linker, 4.1 [Build 481] [Standard]

==============================================================================

Section Cross References

    main.o(i.main) refers to globle.o(i.PORT_Init) for PORT_Init
    main.o(i.main) refers to globle.o(i.NVIC_Configuration) for NVIC_Configuration
    main.o(i.main) refers to usart.o(i.USART1_Config) for USART1_Config
    main.o(i.main) refers to adc.o(i.ADC1_Config) for ADC1_Config
    main.o(i.main) refers to globle.o(i.Globle_Init) for Globle_Init
    main.o(i.main) refers to dac.o(i.DAC_Config) for DAC_Config
    main.o(i.main) refers to exit.o(i.EXTI_Config) for EXTI_Config
    main.o(i.main) refers to timer.o(i.TIM3_Configuration) for TIM3_Configuration
    main.o(i.main) refers to timer.o(i.TIM4_Configuration) for TIM4_Configuration
    main.o(i.main) refers to timer.o(i.TIM5_Configuration) for TIM5_Configuration
    main.o(i.main) refers to timer.o(i.TIM6_Configuration) for TIM6_Configuration
    main.o(i.main) refers to timer.o(i.LD_PWM_Set) for LD_PWM_Set
    main.o(i.main) refers to ld_drive.o(i.LD_Parameter_Set) for LD_Parameter_Set
    main.o(i.main) refers to usart.o(i.commdeal) for commdeal
    main.o(i.main) refers to temperture_control.o(i.Tem_Process) for Tem_Process
    main.o(i.main) refers to globle.o(i.Fault_Check) for Fault_Check
    main.o(i.main) refers to usart.o(.data) for receivedone
    main.o(i.main) refers to stm32f10x_it.o(.data) for ADC1_Convert_Done
    globle.o(i.DCF_Contral) refers to stm32f10x_gpio.o(i.GPIO_ResetBits) for GPIO_ResetBits
    globle.o(i.DCF_Contral) refers to stm32f10x_gpio.o(i.GPIO_SetBits) for GPIO_SetBits
    globle.o(i.Delay_us) refers to globle.o(.data) for TimingDelay
    globle.o(i.Fault_Check) refers to globle.o(i.Read_IO_State) for Read_IO_State
    globle.o(i.Fault_Check) refers to stm32f10x_gpio.o(i.GPIO_ResetBits) for GPIO_ResetBits
    globle.o(i.Fault_Check) refers to stm32f10x_gpio.o(i.GPIO_SetBits) for GPIO_SetBits
    globle.o(i.Fault_Check) refers to ld_drive.o(i.LD_Parameter_Set) for LD_Parameter_Set
    globle.o(i.Fault_Check) refers to timer.o(i.LD_PWM_Set) for LD_PWM_Set
    globle.o(i.Fault_Check) refers to globle.o(.data) for Fault_Code
    globle.o(i.Fault_Check) refers to ld_drive.o(.data) for SL_Frequence
    globle.o(i.Fault_Check) refers to temperture_control.o(.data) for LDtemperature
    globle.o(i.Globle_Init) refers to stm32f10x_adc.o(i.ADC_DMACmd) for ADC_DMACmd
    globle.o(i.Globle_Init) refers to stm32f10x_gpio.o(i.GPIO_ResetBits) for GPIO_ResetBits
    globle.o(i.Globle_Init) refers to stm32f10x_gpio.o(i.GPIO_SetBits) for GPIO_SetBits
    globle.o(i.Globle_Init) refers to globle.o(.data) for PT_Flag
    globle.o(i.NVIC_Configuration) refers to misc.o(i.NVIC_PriorityGroupConfig) for NVIC_PriorityGroupConfig
    globle.o(i.NVIC_Configuration) refers to misc.o(i.NVIC_Init) for NVIC_Init
    globle.o(i.PORT_Init) refers to stm32f10x_rcc.o(i.RCC_APB2PeriphClockCmd) for RCC_APB2PeriphClockCmd
    globle.o(i.PORT_Init) refers to stm32f10x_gpio.o(i.GPIO_Init) for GPIO_Init
    globle.o(i.Read_IO_State) refers to stm32f10x_gpio.o(i.GPIO_ReadInputDataBit) for GPIO_ReadInputDataBit
    globle.o(i.Read_IO_State) refers to globle.o(i.Delay_1us) for Delay_1us
    globle.o(i.SysTick_Init) refers to system_stm32f10x.o(.data) for SystemCoreClock
    stm32f10x_it.o(i.ADC1_2_IRQHandler) refers to stm32f10x_adc.o(i.ADC_GetConversionValue) for ADC_GetConversionValue
    stm32f10x_it.o(i.ADC1_2_IRQHandler) refers to stm32f10x_it.o(.data) for ADC1ConvertedValue
    stm32f10x_it.o(i.DMA1_Channel1_IRQHandler) refers to stm32f10x_dma.o(i.DMA_GetITStatus) for DMA_GetITStatus
    stm32f10x_it.o(i.DMA1_Channel1_IRQHandler) refers to stm32f10x_dma.o(i.DMA_ClearITPendingBit) for DMA_ClearITPendingBit
    stm32f10x_it.o(i.DMA1_Channel1_IRQHandler) refers to adc.o(.bss) for ADC_ConvertedValue
    stm32f10x_it.o(i.DMA1_Channel1_IRQHandler) refers to stm32f10x_it.o(.data) for ITsum
    stm32f10x_it.o(i.DMA1_Channel1_IRQHandler) refers to temperture_control.o(.bss) for Tem_Tab
    stm32f10x_it.o(i.EXTI0_IRQHandler) refers to stm32f10x_exti.o(i.EXTI_GetITStatus) for EXTI_GetITStatus
    stm32f10x_it.o(i.EXTI0_IRQHandler) refers to globle.o(i.Delay_1us) for Delay_1us
    stm32f10x_it.o(i.EXTI0_IRQHandler) refers to stm32f10x_tim.o(i.TIM_CCxCmd) for TIM_CCxCmd
    stm32f10x_it.o(i.EXTI0_IRQHandler) refers to stm32f10x_exti.o(i.EXTI_ClearITPendingBit) for EXTI_ClearITPendingBit
    stm32f10x_it.o(i.EXTI0_IRQHandler) refers to dj_control.o(.data) for Exit0_Count
    stm32f10x_it.o(i.EXTI1_IRQHandler) refers to stm32f10x_exti.o(i.EXTI_GetITStatus) for EXTI_GetITStatus
    stm32f10x_it.o(i.EXTI1_IRQHandler) refers to globle.o(i.Delay_1us) for Delay_1us
    stm32f10x_it.o(i.EXTI1_IRQHandler) refers to stm32f10x_tim.o(i.TIM_CCxCmd) for TIM_CCxCmd
    stm32f10x_it.o(i.EXTI1_IRQHandler) refers to stm32f10x_exti.o(i.EXTI_ClearITPendingBit) for EXTI_ClearITPendingBit
[...]
    stm32f10x_tim.o(i.TIM_PWMIConfig) refers to stm32f10x_tim.o(i.TI1_Config) for TI1_Config
    stm32f10x_tim.o(i.TIM_PWMIConfig) refers to stm32f10x_tim.o(i.TIM_SetIC1Prescaler) for TIM_SetIC1Prescaler
    stm32f10x_tim.o(i.TIM_PWMIConfig) refers to stm32f10x_tim.o(i.TI2_Config) for TI2_Config
    stm32f10x_tim.o(i.TIM_PWMIConfig) refers to stm32f10x_tim.o(i.TIM_SetIC2Prescaler) for TIM_SetIC2Prescaler
    stm32f10x_tim.o(i.TIM_TIxExternalClockConfig) refers to stm32f10x_tim.o(i.TI2_Config) for TI2_Config
    stm32f10x_tim.o(i.TIM_TIxExternalClockConfig) refers to stm32f10x_tim.o(i.TI1_Config) for TI1_Config
    stm32f10x_tim.o(i.TIM_TIxExternalClockConfig) refers to stm32f10x_tim.o(i.TIM_SelectInputTrigger) for TIM_SelectInputTrigger
    stm32f10x_wwdg.o(i.WWDG_DeInit) refers to stm32f10x_rcc.o(i.RCC_APB1PeriphResetCmd) for RCC_APB1PeriphResetCmd
    entry.o(.ARM.Collect$$$$00000000) refers (Special) to entry7.o(.ARM.Collect$$$$00000007) for _main_init
    entry.o(.ARM.Collect$$$$00000000) refers (Special) to entry5.o(.ARM.Collect$$$$00000004) for _main_scatterload
    entry.o(.ARM.Collect$$$$00000000) refers (Special) to entry2.o(.ARM.Collect$$$$00000001) for _main_stk
    entry2.o(.ARM.Collect$$$$00000001) refers to entry2.o(.ARM.Collect$$$$00002712) for __lit__00000000
    entry2.o(.ARM.Collect$$$$00002712) refers to startup_stm32f10x_hd.o(STACK) for __initial_sp
    entry2.o(__vectab_stack_and_reset_area) refers to startup_stm32f10x_hd.o(STACK) for __initial_sp
    entry2.o(__vectab_stack_and_reset_area) refers to entry.o(.ARM.Collect$$$$00000000) for __main
    entry5.o(.ARM.Collect$$$$00000004) refers to init.o(.text) for __scatterload
    entry7.o(.ARM.Collect$$$$00000007) refers to main.o(i.main) for main
    init.o(.text) refers to entry5.o(.ARM.Collect$$$$00000004) for __main_after_scatterload


==============================================================================

Removing Unused input sections from the image.

    Removing main.o(.data), (2 bytes).
    Removing globle.o(i.Delay_us), (52 bytes).
    Removing globle.o(i.SysTick_Init), (120 bytes).
    Removing exit.o(i.EXTI_EN), (80 bytes).
    Removing temperture_control.o(i.Tem_State_Control), (332 bytes).
    Removing core_cm3.o(.emb_text), (32 bytes).
    Removing system_stm32f10x.o(i.SystemCoreClockUpdate), (164 bytes).
    Removing system_stm32f10x.o(.data), (20 bytes).
    Removing startup_stm32f10x_hd.o(HEAP), (512 bytes).
    Removing stm32f10x_usart.o(i.USART_ClearFlag), (18 bytes).
    Removing stm32f10x_usart.o(i.USART_ClearITPendingBit), (30 bytes).
    Removing stm32f10x_usart.o(i.USART_ClockInit), (34 bytes).
    Removing stm32f10x_usart.o(i.USART_ClockStructInit), (12 bytes).
    Removing stm32f10x_usart.o(i.USART_DMACmd), (24 bytes).
    Removing stm32f10x_usart.o(i.USART_DeInit), (156 bytes).
    Removing stm32f10x_usart.o(i.USART_GetFlagStatus), (26 bytes).
    Removing stm32f10x_usart.o(i.USART_HalfDuplexCmd), (24 bytes).
    Removing stm32f10x_usart.o(i.USART_IrDACmd), (24 bytes).
    Removing stm32f10x_usart.o(i.USART_IrDAConfig), (18 bytes).
    Removing stm32f10x_usart.o(i.USART_LINBreakDetectLengthConfig), (18 bytes).
    Removing stm32f10x_usart.o(i.USART_LINCmd), (24 bytes).
    Removing stm32f10x_usart.o(i.USART_OneBitMethodCmd), (24 bytes).
    Removing stm32f10x_usart.o(i.USART_OverSampling8Cmd), (22 bytes).
    Removing stm32f10x_usart.o(i.USART_ReceiverWakeUpCmd), (24 bytes).
    Removing stm32f10x_usart.o(i.USART_SendBreak), (10 bytes).
    Removing stm32f10x_usart.o(i.USART_SetAddress), (18 bytes).
    Removing stm32f10x_usart.o(i.USART_SetGuardTime), (16 bytes).
    Removing stm32f10x_usart.o(i.USART_SetPrescaler), (16 bytes).
    Removing stm32f10x_usart.o(i.USART_SmartCardCmd), (24 bytes).
    Removing stm32f10x_usart.o(i.USART_SmartCardNACKCmd), (24 bytes).
    Removing stm32f10x_usart.o(i.USART_StructInit), (24 bytes).
    Removing stm32f10x_usart.o(i.USART_WakeUpConfig), (18 bytes).
    Removing stm32f10x_gpio.o(i.GPIO_AFIODeInit), (20 bytes).
    Removing stm32f10x_gpio.o(i.GPIO_DeInit), (200 bytes).
    Removing stm32f10x_gpio.o(i.GPIO_ETH_MediaInterfaceConfig), (12 bytes).
    Removing stm32f10x_gpio.o(i.GPIO_EventOutputCmd), (12 bytes).
    Removing stm32f10x_gpio.o(i.GPIO_EventOutputConfig), (32 bytes).
    Removing stm32f10x_gpio.o(i.GPIO_PinLockConfig), (18 bytes).
    Removing stm32f10x_gpio.o(i.GPIO_ReadInputData), (8 bytes).
    Removing stm32f10x_gpio.o(i.GPIO_ReadOutputData), (8 bytes).
    Removing stm32f10x_gpio.o(i.GPIO_ReadOutputDataBit), (18 bytes).
    Removing stm32f10x_gpio.o(i.GPIO_StructInit), (16 bytes).
    Removing stm32f10x_gpio.o(i.GPIO_Write), (4 bytes).
    Removing stm32f10x_gpio.o(i.GPIO_WriteBit), (10 bytes).
    Removing stm32f10x_rcc.o(i.RCC_APB1PeriphResetCmd), (32 bytes).
    Removing stm32f10x_rcc.o(i.RCC_APB2PeriphResetCmd), (32 bytes).
    Removing stm32f10x_rcc.o(i.RCC_AdjustHSICalibrationValue), (24 bytes).
    Removing stm32f10x_rcc.o(i.RCC_BackupResetCmd), (12 bytes).
    Removing stm32f10x_rcc.o(i.RCC_ClearFlag), (20 bytes).
    Removing stm32f10x_rcc.o(i.RCC_ClearITPendingBit), (12 bytes).
    Removing stm32f10x_rcc.o(i.RCC_ClockSecuritySystemCmd), (12 bytes).
    Removing stm32f10x_rcc.o(i.RCC_DeInit), (76 bytes).
    Removing stm32f10x_rcc.o(i.RCC_GetFlagStatus), (60 bytes).
    Removing stm32f10x_rcc.o(i.RCC_GetITStatus), (24 bytes).
    Removing stm32f10x_rcc.o(i.RCC_GetSYSCLKSource), (16 bytes).
    Removing stm32f10x_rcc.o(i.RCC_HCLKConfig), (24 bytes).
    Removing stm32f10x_rcc.o(i.RCC_HSEConfig), (76 bytes).
    Removing stm32f10x_rcc.o(i.RCC_HSICmd), (12 bytes).
    Removing stm32f10x_rcc.o(i.RCC_ITConfig), (36 bytes).
    Removing stm32f10x_rcc.o(i.RCC_LSEConfig), (52 bytes).
    Removing stm32f10x_rcc.o(i.RCC_LSICmd), (12 bytes).
    Removing stm32f10x_rcc.o(i.RCC_MCOConfig), (12 bytes).
    Removing stm32f10x_rcc.o(i.RCC_PCLK1Config), (24 bytes).
    Removing stm32f10x_rcc.o(i.RCC_PCLK2Config), (24 bytes).
    Removing stm32f10x_rcc.o(i.RCC_PLLCmd), (12 bytes).
    Removing stm32f10x_rcc.o(i.RCC_PLLConfig), (28 bytes).
    Removing stm32f10x_rcc.o(i.RCC_RTCCLKCmd), (12 bytes).
    Removing stm32f10x_rcc.o(i.RCC_RTCCLKConfig), (16 bytes).
    Removing stm32f10x_rcc.o(i.RCC_SYSCLKConfig), (24 bytes).
    Removing stm32f10x_rcc.o(i.RCC_USBCLKConfig), (12 bytes).
    Removing stm32f10x_rcc.o(i.RCC_WaitForHSEStartUp), (48 bytes).
    Removing misc.o(i.NVIC_SetVectorTable), (20 bytes).
    Removing misc.o(i.NVIC_SystemLPConfig), (44 bytes).
    Removing misc.o(i.SysTick_CLKSourceConfig), (40 bytes).
    Removing stm32f10x_adc.o(i.ADC_AnalogWatchdogCmd), (20 bytes).
    Removing stm32f10x_adc.o(i.ADC_AnalogWatchdogSingleChannelConfig), (16 bytes).
    Removing stm32f10x_adc.o(i.ADC_AnalogWatchdogThresholdsConfig), (6 bytes).
    Removing stm32f10x_adc.o(i.ADC_AutoInjectedConvCmd), (22 bytes).
    Removing stm32f10x_adc.o(i.ADC_ClearFlag), (6 bytes).
    Removing stm32f10x_adc.o(i.ADC_ClearITPendingBit), (10 bytes).
    Removing stm32f10x_adc.o(i.ADC_DeInit), (92 bytes).
    Removing stm32f10x_adc.o(i.ADC_DiscModeChannelCountConfig), (24 bytes).
    Removing stm32f10x_adc.o(i.ADC_DiscModeCmd), (22 bytes).
    Removing stm32f10x_adc.o(i.ADC_ExternalTrigInjectedConvCmd), (22 bytes).
    Removing stm32f10x_adc.o(i.ADC_ExternalTrigInjectedConvConfig), (16 bytes).
    Removing stm32f10x_adc.o(i.ADC_GetDualModeConversionValue), (12 bytes).
    Removing stm32f10x_adc.o(i.ADC_GetFlagStatus), (18 bytes).
    Removing stm32f10x_adc.o(i.ADC_GetITStatus), (36 bytes).
    Removing stm32f10x_adc.o(i.ADC_GetInjectedConversionValue), (18 bytes).
    Removing stm32f10x_adc.o(i.ADC_GetSoftwareStartConvStatus), (20 bytes).
    Removing stm32f10x_adc.o(i.ADC_GetSoftwareStartInjectedConvCmdStatus), (20 bytes).
    Removing stm32f10x_adc.o(i.ADC_InjectedChannelConfig), (130 bytes).
    Removing stm32f10x_adc.o(i.ADC_InjectedDiscModeCmd), (22 bytes).
    Removing stm32f10x_adc.o(i.ADC_InjectedSequencerLengthConfig), (24 bytes).
    Removing stm32f10x_adc.o(i.ADC_SetInjectedOffset), (12 bytes).
    Removing stm32f10x_adc.o(i.ADC_SoftwareStartConvCmd), (22 bytes).
    Removing stm32f10x_adc.o(i.ADC_SoftwareStartInjectedConvCmd), (22 bytes).
    Removing stm32f10x_adc.o(i.ADC_StructInit), (18 bytes).
    Removing stm32f10x_adc.o(i.ADC_TempSensorVrefintCmd), (44 bytes).
    Removing stm32f10x_bkp.o(i.BKP_ClearFlag), (24 bytes).
    Removing stm32f10x_bkp.o(i.BKP_ClearITPendingBit), (24 bytes).
    Removing stm32f10x_bkp.o(i.BKP_DeInit), (16 bytes).
    Removing stm32f10x_bkp.o(i.BKP_GetFlagStatus), (12 bytes).
    Removing stm32f10x_bkp.o(i.BKP_GetITStatus), (12 bytes).
    Removing stm32f10x_bkp.o(i.BKP_ITConfig), (12 bytes).
    Removing stm32f10x_bkp.o(i.BKP_RTCOutputConfig), (36 bytes).
    Removing stm32f10x_bkp.o(i.BKP_ReadBackupRegister), (16 bytes).
    Removing stm32f10x_bkp.o(i.BKP_SetRTCCalibrationValue), (36 bytes).
    Removing stm32f10x_bkp.o(i.BKP_TamperPinCmd), (12 bytes).
    Removing stm32f10x_bkp.o(i.BKP_TamperPinLevelConfig), (12 bytes).
    Removing stm32f10x_bkp.o(i.BKP_WriteBackupRegister), (16 bytes).
    Removing stm32f10x_can.o(i.CAN_CancelTransmit), (48 bytes).
    Removing stm32f10x_can.o(i.CAN_ClearFlag), (56 bytes).
    Removing stm32f10x_can.o(i.CAN_ClearITPendingBit), (168 bytes).
    Removing stm32f10x_can.o(i.CAN_DBGFreeze), (22 bytes).
    Removing stm32f10x_can.o(i.CAN_DeInit), (56 bytes).
    Removing stm32f10x_can.o(i.CAN_FIFORelease), (22 bytes).
    Removing stm32f10x_can.o(i.CAN_FilterInit), (280 bytes).
    Removing stm32f10x_can.o(i.CAN_GetFlagStatus), (120 bytes).
    Removing stm32f10x_can.o(i.CAN_GetITStatus), (288 bytes).
    Removing stm32f10x_can.o(i.CAN_GetLSBTransmitErrorCounter), (12 bytes).
    Removing stm32f10x_can.o(i.CAN_GetLastErrorCode), (12 bytes).
    Removing stm32f10x_can.o(i.CAN_GetReceiveErrorCounter), (10 bytes).
    Removing stm32f10x_can.o(i.CAN_ITConfig), (18 bytes).
    Removing stm32f10x_can.o(i.CAN_Init), (284 bytes).
    Removing stm32f10x_can.o(i.CAN_MessagePending), (30 bytes).
    Removing stm32f10x_can.o(i.CAN_OperatingModeRequest), (162 bytes).
    Removing stm32f10x_can.o(i.CAN_Receive), (240 bytes).
    Removing stm32f10x_can.o(i.CAN_SlaveStartBank), (72 bytes).
    Removing stm32f10x_can.o(i.CAN_Sleep), (30 bytes).
    Removing stm32f10x_can.o(i.CAN_StructInit), (32 bytes).
    Removing stm32f10x_can.o(i.CAN_TTComModeCmd), (118 bytes).
    Removing stm32f10x_can.o(i.CAN_Transmit), (294 bytes).
    Removing stm32f10x_can.o(i.CAN_TransmitStatus), (160 bytes).
    Removing stm32f10x_can.o(i.CAN_WakeUp), (48 bytes).
    Removing stm32f10x_can.o(i.CheckITStatus), (16 bytes).
    Removing stm32f10x_cec.o(i.CEC_ClearFlag), (48 bytes).
    Removing stm32f10x_cec.o(i.CEC_ClearITPendingBit), (48 bytes).
    Removing stm32f10x_cec.o(i.CEC_Cmd), (28 bytes).
    Removing stm32f10x_cec.o(i.CEC_DeInit), (22 bytes).
    Removing stm32f10x_cec.o(i.CEC_EndOfMessageCmd), (12 bytes).
    Removing stm32f10x_cec.o(i.CEC_GetFlagStatus), (48 bytes).
    Removing stm32f10x_cec.o(i.CEC_GetITStatus), (44 bytes).
    Removing stm32f10x_cec.o(i.CEC_ITConfig), (12 bytes).
    Removing stm32f10x_cec.o(i.CEC_Init), (40 bytes).
    Removing stm32f10x_cec.o(i.CEC_OwnAddressConfig), (12 bytes).
    Removing stm32f10x_cec.o(i.CEC_ReceiveDataByte), (12 bytes).
    Removing stm32f10x_cec.o(i.CEC_SendDataByte), (12 bytes).
    Removing stm32f10x_cec.o(i.CEC_SetPrescaler), (12 bytes).
    Removing stm32f10x_cec.o(i.CEC_StartOfMessage), (12 bytes).
    Removing stm32f10x_crc.o(i.CRC_CalcBlockCRC), (36 bytes).
    Removing stm32f10x_crc.o(i.CRC_CalcCRC), (16 bytes).
    Removing stm32f10x_crc.o(i.CRC_GetCRC), (12 bytes).
    Removing stm32f10x_crc.o(i.CRC_GetIDRegister), (12 bytes).
    Removing stm32f10x_crc.o(i.CRC_ResetDR), (12 bytes).
    Removing stm32f10x_crc.o(i.CRC_SetIDRegister), (12 bytes).
    Removing stm32f10x_dac.o(i.DAC_DMACmd), (60 bytes).
    Removing stm32f10x_dac.o(i.DAC_DeInit), (22 bytes).
    Removing stm32f10x_dac.o(i.DAC_DualSoftwareTriggerCmd), (44 bytes).
    Removing stm32f10x_dac.o(i.DAC_GetDataOutputValue), (24 bytes).
    Removing stm32f10x_dac.o(i.DAC_SetDualChannelData), (36 bytes).
    Removing stm32f10x_dac.o(i.DAC_StructInit), (12 bytes).
    Removing stm32f10x_dac.o(i.DAC_WaveGenerationCmd), (52 bytes).
    Removing stm32f10x_dbgmcu.o(i.DBGMCU_Config), (32 bytes).
    Removing stm32f10x_dbgmcu.o(i.DBGMCU_GetDEVID), (16 bytes).
    Removing stm32f10x_dbgmcu.o(i.DBGMCU_GetREVID), (12 bytes).
    Removing stm32f10x_dma.o(i.DMA_ClearFlag), (28 bytes).
    Removing stm32f10x_dma.o(i.DMA_GetCurrDataCounter), (8 bytes).
    Removing stm32f10x_dma.o(i.DMA_GetFlagStatus), (44 bytes).
    Removing stm32f10x_dma.o(i.DMA_SetCurrDataCounter), (4 bytes).
    Removing stm32f10x_dma.o(i.DMA_StructInit), (26 bytes).
    Removing stm32f10x_exti.o(i.EXTI_ClearFlag), (12 bytes).
    Removing stm32f10x_exti.o(i.EXTI_DeInit), (52 bytes).
    Removing stm32f10x_exti.o(i.EXTI_GenerateSWInterrupt), (24 bytes).
    Removing stm32f10x_exti.o(i.EXTI_GetFlagStatus), (24 bytes).
    Removing stm32f10x_exti.o(i.EXTI_StructInit), (16 bytes).
    Removing stm32f10x_flash.o(i.FLASH_ClearFlag), (12 bytes).
    Removing stm32f10x_flash.o(i.FLASH_EnableWriteProtection), (204 bytes).
    Removing stm32f10x_flash.o(i.FLASH_EraseAllBank1Pages), (72 bytes).
    Removing stm32f10x_flash.o(i.FLASH_EraseAllPages), (72 bytes).
    Removing stm32f10x_flash.o(i.FLASH_EraseOptionBytes), (168 bytes).
    Removing stm32f10x_flash.o(i.FLASH_ErasePage), (76 bytes).
    Removing stm32f10x_flash.o(i.FLASH_GetBank1Status), (56 bytes).
    Removing stm32f10x_flash.o(i.FLASH_GetFlagStatus), (48 bytes).
    Removing stm32f10x_flash.o(i.FLASH_GetPrefetchBufferStatus), (24 bytes).
    Removing stm32f10x_flash.o(i.FLASH_GetReadOutProtectionStatus), (24 bytes).
    Removing stm32f10x_flash.o(i.FLASH_GetStatus), (56 bytes).
    Removing stm32f10x_flash.o(i.FLASH_GetUserOptionByte), (12 bytes).
    Removing stm32f10x_flash.o(i.FLASH_GetWriteProtectionOptionByte), (12 bytes).
    Removing stm32f10x_flash.o(i.FLASH_HalfCycleAccessCmd), (28 bytes).
    Removing stm32f10x_flash.o(i.FLASH_ITConfig), (32 bytes).
    Removing stm32f10x_flash.o(i.FLASH_Lock), (20 bytes).
    Removing stm32f10x_flash.o(i.FLASH_LockBank1), (20 bytes).
    Removing stm32f10x_flash.o(i.FLASH_PrefetchBufferCmd), (28 bytes).
    Removing stm32f10x_flash.o(i.FLASH_ProgramHalfWord), (64 bytes).
    Removing stm32f10x_flash.o(i.FLASH_ProgramOptionByteData), (84 bytes).
    Removing stm32f10x_flash.o(i.FLASH_ProgramWord), (100 bytes).
    Removing stm32f10x_flash.o(i.FLASH_ReadOutProtection), (172 bytes).
    Removing stm32f10x_flash.o(i.FLASH_SetLatency), (24 bytes).
    Removing stm32f10x_flash.o(i.FLASH_Unlock), (24 bytes).
    Removing stm32f10x_flash.o(i.FLASH_UnlockBank1), (24 bytes).
    Removing stm32f10x_flash.o(i.FLASH_UserOptionByteConfig), (104 bytes).
    Removing stm32f10x_flash.o(i.FLASH_WaitForLastBank1Operation), (38 bytes).
    Removing stm32f10x_flash.o(i.FLASH_WaitForLastOperation), (38 bytes).
    Removing stm32f10x_fsmc.o(i.FSMC_ClearFlag), (72 bytes).
    Removing stm32f10x_fsmc.o(i.FSMC_ClearITPendingBit), (72 bytes).
    Removing stm32f10x_fsmc.o(i.FSMC_GetECC), (28 bytes).
    Removing stm32f10x_fsmc.o(i.FSMC_GetFlagStatus), (56 bytes).
    Removing stm32f10x_fsmc.o(i.FSMC_GetITStatus), (68 bytes).
    Removing stm32f10x_fsmc.o(i.FSMC_ITConfig), (136 bytes).
    Removing stm32f10x_fsmc.o(i.FSMC_NANDCmd), (92 bytes).
    Removing stm32f10x_fsmc.o(i.FSMC_NANDDeInit), (72 bytes).
    Removing stm32f10x_fsmc.o(i.FSMC_NANDECCCmd), (92 bytes).
    Removing stm32f10x_fsmc.o(i.FSMC_NANDInit), (140 bytes).
    Removing stm32f10x_fsmc.o(i.FSMC_NANDStructInit), (54 bytes).
    Removing stm32f10x_fsmc.o(i.FSMC_NORSRAMCmd), (52 bytes).
    Removing stm32f10x_fsmc.o(i.FSMC_NORSRAMDeInit), (56 bytes).
    Removing stm32f10x_fsmc.o(i.FSMC_NORSRAMInit), (224 bytes).
    Removing stm32f10x_fsmc.o(i.FSMC_NORSRAMStructInit), (114 bytes).
    Removing stm32f10x_fsmc.o(i.FSMC_PCCARDCmd), (48 bytes).
    Removing stm32f10x_fsmc.o(i.FSMC_PCCARDDeInit), (48 bytes).
    Removing stm32f10x_fsmc.o(i.FSMC_PCCARDInit), (136 bytes).
    Removing stm32f10x_fsmc.o(i.FSMC_PCCARDStructInit), (60 bytes).
    Removing stm32f10x_i2c.o(i.I2C_ARPCmd), (24 bytes).
    Removing stm32f10x_i2c.o(i.I2C_AcknowledgeConfig), (24 bytes).
    Removing stm32f10x_i2c.o(i.I2C_CalculatePEC), (24 bytes).
    Removing stm32f10x_i2c.o(i.I2C_CheckEvent), (42 bytes).
    Removing stm32f10x_i2c.o(i.I2C_ClearFlag), (12 bytes).
    Removing stm32f10x_i2c.o(i.I2C_ClearITPendingBit), (12 bytes).
    Removing stm32f10x_i2c.o(i.I2C_Cmd), (24 bytes).
    Removing stm32f10x_i2c.o(i.I2C_DMACmd), (24 bytes).
    Removing stm32f10x_i2c.o(i.I2C_DMALastTransferCmd), (24 bytes).
    Removing stm32f10x_i2c.o(i.I2C_DeInit), (56 bytes).
    Removing stm32f10x_i2c.o(i.I2C_DualAddressCmd), (24 bytes).
    Removing stm32f10x_i2c.o(i.I2C_FastModeDutyCycleConfig), (28 bytes).
    Removing stm32f10x_i2c.o(i.I2C_GeneralCallCmd), (24 bytes).
    Removing stm32f10x_i2c.o(i.I2C_GenerateSTART), (24 bytes).
    Removing stm32f10x_i2c.o(i.I2C_GenerateSTOP), (24 bytes).
    Removing stm32f10x_i2c.o(i.I2C_GetFlagStatus), (42 bytes).
    Removing stm32f10x_i2c.o(i.I2C_GetITStatus), (38 bytes).
    Removing stm32f10x_i2c.o(i.I2C_GetLastEvent), (26 bytes).
    Removing stm32f10x_i2c.o(i.I2C_GetPEC), (8 bytes).
    Removing stm32f10x_i2c.o(i.I2C_ITConfig), (24 bytes).
    Removing stm32f10x_i2c.o(i.I2C_Init), (236 bytes).
    Removing stm32f10x_i2c.o(i.I2C_NACKPositionConfig), (28 bytes).
    Removing stm32f10x_i2c.o(i.I2C_OwnAddress2Config), (22 bytes).
    Removing stm32f10x_i2c.o(i.I2C_PECPositionConfig), (28 bytes).
    Removing stm32f10x_i2c.o(i.I2C_ReadRegister), (12 bytes).
    Removing stm32f10x_i2c.o(i.I2C_ReceiveData), (8 bytes).
    Removing stm32f10x_i2c.o(i.I2C_SMBusAlertConfig), (28 bytes).
    Removing stm32f10x_i2c.o(i.I2C_Send7bitAddress), (18 bytes).
    Removing stm32f10x_i2c.o(i.I2C_SendData), (4 bytes).
    Removing stm32f10x_i2c.o(i.I2C_SoftwareResetCmd), (22 bytes).
    Removing stm32f10x_i2c.o(i.I2C_StretchClockCmd), (24 bytes).
    Removing stm32f10x_i2c.o(i.I2C_StructInit), (30 bytes).
    Removing stm32f10x_i2c.o(i.I2C_TransmitPEC), (24 bytes).
    Removing stm32f10x_iwdg.o(i.IWDG_Enable), (16 bytes).
    Removing stm32f10x_iwdg.o(i.IWDG_GetFlagStatus), (24 bytes).
    Removing stm32f10x_iwdg.o(i.IWDG_ReloadCounter), (16 bytes).
    Removing stm32f10x_iwdg.o(i.IWDG_SetPrescaler), (12 bytes).
    Removing stm32f10x_iwdg.o(i.IWDG_SetReload), (12 bytes).
    Removing stm32f10x_iwdg.o(i.IWDG_WriteAccessCmd), (12 bytes).
    Removing stm32f10x_pwr.o(i.PWR_BackupAccessCmd), (12 bytes).
    Removing stm32f10x_pwr.o(i.PWR_ClearFlag), (20 bytes).
    Removing stm32f10x_pwr.o(i.PWR_DeInit), (22 bytes).
    Removing stm32f10x_pwr.o(i.PWR_EnterSTANDBYMode), (56 bytes).
    Removing stm32f10x_pwr.o(i.PWR_EnterSTOPMode), (72 bytes).
    Removing stm32f10x_pwr.o(i.PWR_GetFlagStatus), (24 bytes).
    Removing stm32f10x_pwr.o(i.PWR_PVDCmd), (12 bytes).
    Removing stm32f10x_pwr.o(i.PWR_PVDLevelConfig), (24 bytes).
    Removing stm32f10x_pwr.o(i.PWR_WakeUpPinCmd), (12 bytes).
    Removing stm32f10x_rtc.o(i.RTC_ClearFlag), (32 bytes).
    Removing stm32f10x_rtc.o(i.RTC_ClearITPendingBit), (32 bytes).
    Removing stm32f10x_rtc.o(i.RTC_EnterConfigMode), (24 bytes).
    Removing stm32f10x_rtc.o(i.RTC_ExitConfigMode), (28 bytes).
    Removing stm32f10x_rtc.o(i.RTC_GetCounter), (28 bytes).
    Removing stm32f10x_rtc.o(i.RTC_GetDivider), (36 bytes).
    Removing stm32f10x_rtc.o(i.RTC_GetFlagStatus), (24 bytes).
    Removing stm32f10x_rtc.o(i.RTC_GetITStatus), (44 bytes).
    Removing stm32f10x_rtc.o(i.RTC_ITConfig), (48 bytes).
    Removing stm32f10x_rtc.o(i.RTC_SetAlarm), (36 bytes).
    Removing stm32f10x_rtc.o(i.RTC_SetCounter), (36 bytes).
    Removing stm32f10x_rtc.o(i.RTC_SetPrescaler), (36 bytes).
    Removing stm32f10x_rtc.o(i.RTC_WaitForLastTask), (20 bytes).
    Removing stm32f10x_rtc.o(i.RTC_WaitForSynchro), (40 bytes).
    Removing stm32f10x_sdio.o(i.SDIO_CEATAITCmd), (16 bytes).
    Removing stm32f10x_sdio.o(i.SDIO_ClearFlag), (12 bytes).
    Removing stm32f10x_sdio.o(i.SDIO_ClearITPendingBit), (12 bytes).
    Removing stm32f10x_sdio.o(i.SDIO_ClockCmd), (12 bytes).
    Removing stm32f10x_sdio.o(i.SDIO_CmdStructInit), (14 bytes).
    Removing stm32f10x_sdio.o(i.SDIO_CommandCompletionCmd), (12 bytes).
    Removing stm32f10x_sdio.o(i.SDIO_DMACmd), (12 bytes).
    Removing stm32f10x_sdio.o(i.SDIO_DataConfig), (48 bytes).
    Removing stm32f10x_sdio.o(i.SDIO_DataStructInit), (20 bytes).
    Removing stm32f10x_sdio.o(i.SDIO_DeInit), (36 bytes).
    Removing stm32f10x_sdio.o(i.SDIO_GetCommandResponse), (12 bytes).
    Removing stm32f10x_sdio.o(i.SDIO_GetDataCounter), (12 bytes).
    Removing stm32f10x_sdio.o(i.SDIO_GetFIFOCount), (12 bytes).
    Removing stm32f10x_sdio.o(i.SDIO_GetFlagStatus), (24 bytes).
    Removing stm32f10x_sdio.o(i.SDIO_GetITStatus), (24 bytes).
    Removing stm32f10x_sdio.o(i.SDIO_GetPowerState), (16 bytes).
    Removing stm32f10x_sdio.o(i.SDIO_GetResponse), (16 bytes).
    Removing stm32f10x_sdio.o(i.SDIO_ITConfig), (32 bytes).
    Removing stm32f10x_sdio.o(i.SDIO_Init), (48 bytes).
    Removing stm32f10x_sdio.o(i.SDIO_ReadData), (12 bytes).
    Removing stm32f10x_sdio.o(i.SDIO_SendCEATACmd), (12 bytes).
    Removing stm32f10x_sdio.o(i.SDIO_SendCommand), (44 bytes).
    Removing stm32f10x_sdio.o(i.SDIO_SendSDIOSuspendCmd), (12 bytes).
    Removing stm32f10x_sdio.o(i.SDIO_SetPowerState), (28 bytes).
    Removing stm32f10x_sdio.o(i.SDIO_SetSDIOOperation), (12 bytes).
    Removing stm32f10x_sdio.o(i.SDIO_SetSDIOReadWaitMode), (12 bytes).
    Removing stm32f10x_sdio.o(i.SDIO_StartSDIOReadWait), (12 bytes).
    Removing stm32f10x_sdio.o(i.SDIO_StopSDIOReadWait), (12 bytes).
    Removing stm32f10x_sdio.o(i.SDIO_StructInit), (16 bytes).
    Removing stm32f10x_sdio.o(i.SDIO_WriteData), (12 bytes).
    Removing stm32f10x_spi.o(i.I2S_Cmd), (24 bytes).
    Removing stm32f10x_spi.o(i.I2S_Init), (228 bytes).
    Removing stm32f10x_spi.o(i.I2S_StructInit), (20 bytes).
    Removing stm32f10x_spi.o(i.SPI_BiDirectionalLineConfig), (28 bytes).
    Removing stm32f10x_spi.o(i.SPI_CalculateCRC), (24 bytes).
    Removing stm32f10x_spi.o(i.SPI_Cmd), (24 bytes).
    Removing stm32f10x_spi.o(i.SPI_DataSizeConfig), (18 bytes).
    Removing stm32f10x_spi.o(i.SPI_GetCRC), (16 bytes).
    Removing stm32f10x_spi.o(i.SPI_GetCRCPolynomial), (6 bytes).
    Removing stm32f10x_spi.o(i.SPI_I2S_ClearFlag), (6 bytes).
    Removing stm32f10x_spi.o(i.SPI_I2S_ClearITPendingBit), (20 bytes).
    Removing stm32f10x_spi.o(i.SPI_I2S_DMACmd), (24 bytes).
    Removing stm32f10x_spi.o(i.SPI_I2S_DeInit), (88 bytes).
    Removing stm32f10x_spi.o(i.SPI_I2S_GetFlagStatus), (18 bytes).
    Removing stm32f10x_spi.o(i.SPI_I2S_GetITStatus), (52 bytes).
    Removing stm32f10x_spi.o(i.SPI_I2S_ITConfig), (36 bytes).
    Removing stm32f10x_spi.o(i.SPI_I2S_ReceiveData), (6 bytes).
    Removing stm32f10x_spi.o(i.SPI_I2S_SendData), (4 bytes).
    Removing stm32f10x_spi.o(i.SPI_Init), (60 bytes).
    Removing stm32f10x_spi.o(i.SPI_NSSInternalSoftwareConfig), (30 bytes).
    Removing stm32f10x_spi.o(i.SPI_SSOutputCmd), (24 bytes).
    Removing stm32f10x_spi.o(i.SPI_StructInit), (24 bytes).
    Removing stm32f10x_spi.o(i.SPI_TransmitCRC), (10 bytes).
    Removing stm32f10x_tim.o(i.TIM_BDTRConfig), (32 bytes).
    Removing stm32f10x_tim.o(i.TIM_BDTRStructInit), (18 bytes).
    Removing stm32f10x_tim.o(i.TIM_CCPreloadControl), (24 bytes).
    Removing stm32f10x_tim.o(i.TIM_CCxNCmd), (34 bytes).
    Removing stm32f10x_tim.o(i.TIM_ClearOC1Ref), (18 bytes).
    Removing stm32f10x_tim.o(i.TIM_ClearOC2Ref), (20 bytes).
    Removing stm32f10x_tim.o(i.TIM_ClearOC3Ref), (18 bytes).
    Removing stm32f10x_tim.o(i.TIM_ClearOC4Ref), (20 bytes).
    Removing stm32f10x_tim.o(i.TIM_CounterModeConfig), (18 bytes).
    Removing stm32f10x_tim.o(i.TIM_CtrlPWMOutputs), (30 bytes).
    Removing stm32f10x_tim.o(i.TIM_DMACmd), (24 bytes).
    Removing stm32f10x_tim.o(i.TIM_DMAConfig), (10 bytes).
    Removing stm32f10x_tim.o(i.TIM_DeInit), (488 bytes).
    Removing stm32f10x_tim.o(i.TIM_ETRClockMode1Config), (54 bytes).
    Removing stm32f10x_tim.o(i.TIM_ETRClockMode2Config), (32 bytes).
    Removing stm32f10x_tim.o(i.TIM_ETRConfig), (24 bytes).
    Removing stm32f10x_tim.o(i.TIM_EncoderInterfaceConfig), (62 bytes).
    Removing stm32f10x_tim.o(i.TIM_ForcedOC1Config), (18 bytes).
    Removing stm32f10x_tim.o(i.TIM_ForcedOC2Config), (22 bytes).
    Removing stm32f10x_tim.o(i.TIM_ForcedOC3Config), (18 bytes).
    Removing stm32f10x_tim.o(i.TIM_ForcedOC4Config), (22 bytes).
    Removing stm32f10x_tim.o(i.TIM_GenerateEvent), (4 bytes).
    Removing stm32f10x_tim.o(i.TIM_GetCapture2), (6 bytes).
    Removing stm32f10x_tim.o(i.TIM_GetCapture3), (6 bytes).
    Removing stm32f10x_tim.o(i.TIM_GetCapture4), (8 bytes).
    Removing stm32f10x_tim.o(i.TIM_GetCounter), (6 bytes).
    Removing stm32f10x_tim.o(i.TIM_GetFlagStatus), (18 bytes).
    Removing stm32f10x_tim.o(i.TIM_GetPrescaler), (6 bytes).
    Removing stm32f10x_tim.o(i.TIM_ICStructInit), (18 bytes).
    Removing stm32f10x_tim.o(i.TIM_ITRxExternalClockConfig), (24 bytes).
    Removing stm32f10x_tim.o(i.TIM_InternalClockConfig), (12 bytes).
    Removing stm32f10x_tim.o(i.TIM_OC1FastConfig), (18 bytes).
    Removing stm32f10x_tim.o(i.TIM_OC1NPolarityConfig), (18 bytes).
    Removing stm32f10x_tim.o(i.TIM_OC1PolarityConfig), (18 bytes).
    Removing stm32f10x_tim.o(i.TIM_OC2FastConfig), (22 bytes).
    Removing stm32f10x_tim.o(i.TIM_OC2NPolarityConfig), (22 bytes).
    Removing stm32f10x_tim.o(i.TIM_OC2PolarityConfig), (22 bytes).
    Removing stm32f10x_tim.o(i.TIM_OC3FastConfig), (18 bytes).
    Removing stm32f10x_tim.o(i.TIM_OC3NPolarityConfig), (22 bytes).
    Removing stm32f10x_tim.o(i.TIM_OC3PolarityConfig), (22 bytes).
    Removing stm32f10x_tim.o(i.TIM_OC4FastConfig), (22 bytes).
    Removing stm32f10x_tim.o(i.TIM_OC4PolarityConfig), (22 bytes).
    Removing stm32f10x_tim.o(i.TIM_OCStructInit), (20 bytes).
    Removing stm32f10x_tim.o(i.TIM_PWMIConfig), (124 bytes).
    Removing stm32f10x_tim.o(i.TIM_PrescalerConfig), (6 bytes).
    Removing stm32f10x_tim.o(i.TIM_SelectCCDMA), (24 bytes).
    Removing stm32f10x_tim.o(i.TIM_SelectCOM), (24 bytes).
    Removing stm32f10x_tim.o(i.TIM_SelectHallSensor), (24 bytes).
    Removing stm32f10x_tim.o(i.TIM_SelectInputTrigger), (18 bytes).
    Removing stm32f10x_tim.o(i.TIM_SelectMasterSlaveMode), (18 bytes).
    Removing stm32f10x_tim.o(i.TIM_SelectOCxM), (82 bytes).
    Removing stm32f10x_tim.o(i.TIM_SelectOnePulseMode), (18 bytes).
    Removing stm32f10x_tim.o(i.TIM_SelectOutputTrigger), (18 bytes).
    Removing stm32f10x_tim.o(i.TIM_SelectSlaveMode), (18 bytes).
    Removing stm32f10x_tim.o(i.TIM_SetAutoreload), (4 bytes).
    Removing stm32f10x_tim.o(i.TIM_SetClockDivision), (18 bytes).
    Removing stm32f10x_tim.o(i.TIM_SetCompare1), (4 bytes).
    Removing stm32f10x_tim.o(i.TIM_SetCompare2), (4 bytes).
    Removing stm32f10x_tim.o(i.TIM_SetCompare3), (4 bytes).
    Removing stm32f10x_tim.o(i.TIM_SetCompare4), (6 bytes).
    Removing stm32f10x_tim.o(i.TIM_SetCounter), (4 bytes).
    Removing stm32f10x_tim.o(i.TIM_TIxExternalClockConfig), (62 bytes).
    Removing stm32f10x_tim.o(i.TIM_UpdateDisableConfig), (24 bytes).
    Removing stm32f10x_tim.o(i.TIM_UpdateRequestConfig), (24 bytes).
    Removing stm32f10x_wwdg.o(i.WWDG_ClearFlag), (12 bytes).
    Removing stm32f10x_wwdg.o(i.WWDG_DeInit), (22 bytes).
    Removing stm32f10x_wwdg.o(i.WWDG_Enable), (16 bytes).
    Removing stm32f10x_wwdg.o(i.WWDG_EnableIT), (12 bytes).
    Removing stm32f10x_wwdg.o(i.WWDG_GetFlagStatus), (12 bytes).
    Removing stm32f10x_wwdg.o(i.WWDG_SetCounter), (16 bytes).
    Removing stm32f10x_wwdg.o(i.WWDG_SetPrescaler), (32 bytes).
    Removing stm32f10x_wwdg.o(i.WWDG_SetWindowValue), (36 bytes).

410 unused section(s) (total 16146 bytes) removed from the image.

==============================================================================

Image Symbol Table

    Local Symbols

    Symbol Name                              Value     Ov Type        Size  Object(Section)

    ../../../cmprslib/zerorunl2.c            0x00000000   Number         0  __dczerorl2.o ABSOLUTE
    ../../microlib/init/entry.s              0x00000000   Number         0  entry7.o ABSOLUTE
    ../../microlib/init/entry.s              0x00000000   Number         0  entry.o ABSOLUTE
    ../../microlib/init/entry.s              0x00000000   Number         0  entry5.o ABSOLUTE
    ../../microlib/init/entry.s              0x00000000   Number         0  entry2.o ABSOLUTE
    ..\Libraries\CMSIS\core_cm3.c            0x00000000   Number         0  core_cm3.o ABSOLUTE
    ..\Libraries\CMSIS\startup\startup_stm32f10x_hd.s 0x00000000   Number         0  startup_stm32f10x_hd.o ABSOLUTE
    ..\Libraries\CMSIS\system_stm32f10x.c    0x00000000   Number         0  system_stm32f10x.o ABSOLUTE
    ..\Libraries\FWlib\src\misc.c            0x00000000   Number         0  misc.o ABSOLUTE
    ..\Libraries\FWlib\src\stm32f10x_adc.c   0x00000000   Number         0  stm32f10x_adc.o ABSOLUTE
    ..\Libraries\FWlib\src\stm32f10x_bkp.c   0x00000000   Number         0  stm32f10x_bkp.o ABSOLUTE
    ..\Libraries\FWlib\src\stm32f10x_can.c   0x00000000   Number         0  stm32f10x_can.o ABSOLUTE
    ..\Libraries\FWlib\src\stm32f10x_cec.c   0x00000000   Number         0  stm32f10x_cec.o ABSOLUTE
    ..\Libraries\FWlib\src\stm32f10x_crc.c   0x00000000   Number         0  stm32f10x_crc.o ABSOLUTE
    ..\Libraries\FWlib\src\stm32f10x_dac.c   0x00000000   Number         0  stm32f10x_dac.o ABSOLUTE
    ..\Libraries\FWlib\src\stm32f10x_dbgmcu.c 0x00000000   Number         0  stm32f10x_dbgmcu.o ABSOLUTE
    ..\Libraries\FWlib\src\stm32f10x_dma.c   0x00000000   Number         0  stm32f10x_dma.o ABSOLUTE
    ..\Libraries\FWlib\src\stm32f10x_exti.c  0x00000000   Number         0  stm32f10x_exti.o ABSOLUTE
    ..\Libraries\FWlib\src\stm32f10x_flash.c 0x00000000   Number         0  stm32f10x_flash.o ABSOLUTE
    ..\Libraries\FWlib\src\stm32f10x_fsmc.c  0x00000000   Number         0  stm32f10x_fsmc.o ABSOLUTE
    ..\Libraries\FWlib\src\stm32f10x_gpio.c  0x00000000   Number         0  stm32f10x_gpio.o ABSOLUTE
    ..\Libraries\FWlib\src\stm32f10x_i2c.c   0x00000000   Number         0  stm32f10x_i2c.o ABSOLUTE
    ..\Libraries\FWlib\src\stm32f10x_iwdg.c  0x00000000   Number         0  stm32f10x_iwdg.o ABSOLUTE
    ..\Libraries\FWlib\src\stm32f10x_pwr.c   0x00000000   Number         0  stm32f10x_pwr.o ABSOLUTE
    ..\Libraries\FWlib\src\stm32f10x_rcc.c   0x00000000   Number         0  stm32f10x_rcc.o ABSOLUTE
    ..\Libraries\FWlib\src\stm32f10x_rtc.c   0x00000000   Number         0  stm32f10x_rtc.o ABSOLUTE
    ..\Libraries\FWlib\src\stm32f10x_sdio.c  0x00000000   Number         0  stm32f10x_sdio.o ABSOLUTE
    ..\Libraries\FWlib\src\stm32f10x_spi.c   0x00000000   Number         0  stm32f10x_spi.o ABSOLUTE
    ..\Libraries\FWlib\src\stm32f10x_tim.c   0x00000000   Number         0  stm32f10x_tim.o ABSOLUTE
    ..\Libraries\FWlib\src\stm32f10x_usart.c 0x00000000   Number         0  stm32f10x_usart.o ABSOLUTE
    ..\Libraries\FWlib\src\stm32f10x_wwdg.c  0x00000000   Number         0  stm32f10x_wwdg.o ABSOLUTE
    ..\User\DAC.c                            0x00000000   Number         0  dac.o ABSOLUTE
    ..\User\DJ_Control.c                     0x00000000   Number         0  dj_control.o ABSOLUTE
    ..\User\EXIT.c                           0x00000000   Number         0  exit.o ABSOLUTE
    ..\User\Globle.c                         0x00000000   Number         0  globle.o ABSOLUTE
    ..\User\LD_Drive.c                       0x00000000   Number         0  ld_drive.o ABSOLUTE
    ..\User\Temperture_Control.c             0x00000000   Number         0  temperture_control.o ABSOLUTE
    ..\User\Timer.c                          0x00000000   Number         0  timer.o ABSOLUTE
    ..\User\USART.c                          0x00000000   Number         0  usart.o ABSOLUTE
    ..\User\adc.c                            0x00000000   Number         0  adc.o ABSOLUTE
    ..\User\main.c                           0x00000000   Number         0  main.o ABSOLUTE
    ..\User\stm32f10x_it.c                   0x00000000   Number         0  stm32f10x_it.o ABSOLUTE
    ..\\Libraries\\CMSIS\\core_cm3.c         0x00000000   Number         0  core_cm3.o ABSOLUTE
    dc.s                                     0x00000000   Number         0  dc.o ABSOLUTE
    handlers.s                               0x00000000   Number         0  handlers.o ABSOLUTE
    init.s                                   0x00000000   Number         0  init.o ABSOLUTE
    RESET                                    0x08000000   Section      304  startup_stm32f10x_hd.o(RESET)
    .ARM.Collect$$$$00000000                 0x08000130   Section        0  entry.o(.ARM.Collect$$$$00000000)
    .ARM.Collect$$$$00000001                 0x08000130   Section        4  entry2.o(.ARM.Collect$$$$00000001)
    .ARM.Collect$$$$00000004                 0x08000134   Section        4  entry5.o(.ARM.Collect$$$$00000004)
    .ARM.Collect$$$$00000007                 0x08000138   Section        8  entry7.o(.ARM.Collect$$$$00000007)
    .ARM.Collect$$$$00002712                 0x08000140   Section        4  entry2.o(.ARM.Collect$$$$00002712)
    __lit__00000000                          0x08000140   Data           4  entry2.o(.ARM.Collect$$$$00002712)
    .text                                    0x08000144   Section       36  startup_stm32f10x_hd.o(.text)
    .text                                    0x08000168   Section       36  init.o(.text)
    .text                                    0x0800018c   Section        0  __dczerorl2.o(.text)
    i.ADC1_2_IRQHandler                      0x080001e8   Section        0  stm32f10x_it.o(i.ADC1_2_IRQHandler)
    i.ADC1_Config                            0x08000200   Section        0  adc.o(i.ADC1_Config)
    i.ADC_Cmd                                0x08000398   Section        0  stm32f10x_adc.o(i.ADC_Cmd)
    i.ADC_DMACmd                             0x080003ae   Section        0  stm32f10x_adc.o(i.ADC_DMACmd)
    i.ADC_ExternalTrigConvCmd                0x080003c4   Section        0  stm32f10x_adc.o(i.ADC_ExternalTrigConvCmd)
    i.ADC_GetCalibrationStatus               0x080003da   Section        0  stm32f10x_adc.o(i.ADC_GetCalibrationStatus)
    i.ADC_GetConversionValue                 0x080003ee   Section        0  stm32f10x_adc.o(i.ADC_GetConversionValue)
    i.ADC_GetResetCalibrationStatus          0x080003f6   Section        0  stm32f10x_adc.o(i.ADC_GetResetCalibrationStatus)
    i.ADC_ITConfig                           0x0800040a   Section        0  stm32f10x_adc.o(i.ADC_ITConfig)
    i.ADC_Init                               0x08000424   Section        0  stm32f10x_adc.o(i.ADC_Init)
    i.ADC_RegularChannelConfig               0x08000474   Section        0  stm32f10x_adc.o(i.ADC_RegularChannelConfig)
    i.ADC_ResetCalibration                   0x0800052c   Section        0  stm32f10x_adc.o(i.ADC_ResetCalibration)
    i.ADC_StartCalibration                   0x08000536   Section        0  stm32f10x_adc.o(i.ADC_StartCalibration)
    i.ADelay_1us                             0x08000540   Section        0  adc.o(i.ADelay_1us)
    i.CalculateTemperature                   0x0800055c   Section        0  temperture_control.o(i.CalculateTemperature)
    i.DAC_Cmd                                0x08000610   Section        0  stm32f10x_dac.o(i.DAC_Cmd)
    i.DAC_Config                             0x0800064c   Section        0  dac.o(i.DAC_Config)
    i.DAC_Init                               0x080006c4   Section        0  stm32f10x_dac.o(i.DAC_Init)
    i.DAC_SetChannel1Data                    0x08000708   Section        0  stm32f10x_dac.o(i.DAC_SetChannel1Data)
    i.DAC_SetChannel2Data                    0x0800071c   Section        0  stm32f10x_dac.o(i.DAC_SetChannel2Data)
    i.DAC_SoftwareTriggerCmd                 0x08000730   Section        0  stm32f10x_dac.o(i.DAC_SoftwareTriggerCmd)
    i.DCF_Contral                            0x08000774   Section        0  globle.o(i.DCF_Contral)
    i.DJ_Calibration                         0x080007e0   Section        0  dj_control.o(i.DJ_Calibration)
    i.DMA1_Channel1_IRQHandler               0x080008c0   Section        0  stm32f10x_it.o(i.DMA1_Channel1_IRQHandler)
    i.DMA_ClearITPendingBit                  0x0800090c   Section        0  stm32f10x_dma.o(i.DMA_ClearITPendingBit)
    i.DMA_Cmd                                0x08000928   Section        0  stm32f10x_dma.o(i.DMA_Cmd)
    i.DMA_DeInit                             0x08000940   Section        0  stm32f10x_dma.o(i.DMA_DeInit)
    i.DMA_GetITStatus                        0x08000a90   Section        0  stm32f10x_dma.o(i.DMA_GetITStatus)
    i.DMA_ITConfig                           0x08000abc   Section        0  stm32f10x_dma.o(i.DMA_ITConfig)
    i.DMA_Init                               0x08000ace   Section        0  stm32f10x_dma.o(i.DMA_Init)
    i.Data_Filter                            0x08000b0a   Section        0  temperture_control.o(i.Data_Filter)
    i.Delay_1ms                              0x08000b78   Section        0  globle.o(i.Delay_1ms)
    i.Delay_1us                              0x08000b94   Section        0  globle.o(i.Delay_1us)
    i.EXTI0_IRQHandler                       0x08000bb0   Section        0  stm32f10x_it.o(i.EXTI0_IRQHandler)
    i.EXTI1_IRQHandler                       0x08000c7c   Section        0  stm32f10x_it.o(i.EXTI1_IRQHandler)
    i.EXTI_ClearITPendingBit                 0x08000d48   Section        0  stm32f10x_exti.o(i.EXTI_ClearITPendingBit)
    i.EXTI_Config                            0x08000d54   Section        0  exit.o(i.EXTI_Config)
    i.EXTI_GetITStatus                       0x08000dd4   Section        0  stm32f10x_exti.o(i.EXTI_GetITStatus)
    i.EXTI_Init                              0x08000e00   Section        0  stm32f10x_exti.o(i.EXTI_Init)
    i.Fault_Check                            0x08000eac   Section        0  globle.o(i.Fault_Check)
    i.GPIO_EXTILineConfig                    0x08000f7c   Section        0  stm32f10x_gpio.o(i.GPIO_EXTILineConfig)
    i.GPIO_Init                              0x08000fbc   Section        0  stm32f10x_gpio.o(i.GPIO_Init)
    i.GPIO_PinRemapConfig                    0x080010d0   Section        0  stm32f10x_gpio.o(i.GPIO_PinRemapConfig)
    i.GPIO_ReadInputDataBit                  0x08001160   Section        0  stm32f10x_gpio.o(i.GPIO_ReadInputDataBit)
    i.GPIO_ResetBits                         0x08001172   Section        0  stm32f10x_gpio.o(i.GPIO_ResetBits)
    i.GPIO_SetBits                           0x08001176   Section        0  stm32f10x_gpio.o(i.GPIO_SetBits)
    i.Globle_Init                            0x0800117c   Section        0  globle.o(i.Globle_Init)
    i.LD_PWM_Set                             0x080011cc   Section        0  timer.o(i.LD_PWM_Set)
    i.LD_Parameter_Set                       0x080011f4   Section        0  ld_drive.o(i.LD_Parameter_Set)
    i.NVIC_Configuration                     0x08001222   Section        0  globle.o(i.NVIC_Configuration)
    i.NVIC_Init                              0x080012b8   Section        0  misc.o(i.NVIC_Init)
    i.NVIC_PriorityGroupConfig               0x0800133c   Section        0  misc.o(i.NVIC_PriorityGroupConfig)
    i.PORT_Init                              0x08001350   Section        0  globle.o(i.PORT_Init)
    i.RCC_ADCCLKConfig                       0x080013f0   Section        0  stm32f10x_rcc.o(i.RCC_ADCCLKConfig)
    i.RCC_AHBPeriphClockCmd                  0x08001408   Section        0  stm32f10x_rcc.o(i.RCC_AHBPeriphClockCmd)
    i.RCC_APB1PeriphClockCmd                 0x08001428   Section        0  stm32f10x_rcc.o(i.RCC_APB1PeriphClockCmd)
    i.RCC_APB2PeriphClockCmd                 0x08001448   Section        0  stm32f10x_rcc.o(i.RCC_APB2PeriphClockCmd)
    i.RCC_GetClocksFreq                      0x08001468   Section        0  stm32f10x_rcc.o(i.RCC_GetClocksFreq)
    i.Read_IO_State                          0x0800153c   Section        0  globle.o(i.Read_IO_State)
    i.SetSysClock                            0x0800156c   Section        0  system_stm32f10x.o(i.SetSysClock)
    SetSysClock                              0x0800156d   Thumb Code     8  system_stm32f10x.o(i.SetSysClock)
    i.SetSysClockTo72                        0x08001574   Section        0  system_stm32f10x.o(i.SetSysClockTo72)
    SetSysClockTo72                          0x08001575   Thumb Code   192  system_stm32f10x.o(i.SetSysClockTo72)
    i.SysTick_Handler                        0x0800163c   Section        0  stm32f10x_it.o(i.SysTick_Handler)
    i.SystemInit                             0x08001654   Section        0  system_stm32f10x.o(i.SystemInit)
    i.TI1_Config                             0x080016b4   Section        0  stm32f10x_tim.o(i.TI1_Config)
    TI1_Config                               0x080016b5   Thumb Code   106  stm32f10x_tim.o(i.TI1_Config)
    i.TI2_Config                             0x08001734   Section        0  stm32f10x_tim.o(i.TI2_Config)
    TI2_Config                               0x08001735   Thumb Code   118  stm32f10x_tim.o(i.TI2_Config)
    i.TI3_Config                             0x080017c0   Section        0  stm32f10x_tim.o(i.TI3_Config)
    TI3_Config                               0x080017c1   Thumb Code   114  stm32f10x_tim.o(i.TI3_Config)
    i.TI4_Config                             0x08001848   Section        0  stm32f10x_tim.o(i.TI4_Config)
    TI4_Config                               0x08001849   Thumb Code   118  stm32f10x_tim.o(i.TI4_Config)
    i.TIM3_Configuration                     0x080018d4   Section        0  timer.o(i.TIM3_Configuration)
    i.TIM4_Configuration                     0x08001968   Section        0  timer.o(i.TIM4_Configuration)
    i.TIM4_IRQHandler                        0x080019fc   Section        0  stm32f10x_it.o(i.TIM4_IRQHandler)
    i.TIM5_Configuration                     0x08001a9c   Section        0  timer.o(i.TIM5_Configuration)
    i.TIM6_Configuration                     0x08001b88   Section        0  timer.o(i.TIM6_Configuration)
    i.TIM6_IRQHandler                        0x08001bd8   Section        0  stm32f10x_it.o(i.TIM6_IRQHandler)
    i.TIM_ARRPreloadConfig                   0x08001c60   Section        0  stm32f10x_tim.o(i.TIM_ARRPreloadConfig)
    i.TIM_CCxCmd                             0x08001c78   Section        0  stm32f10x_tim.o(i.TIM_CCxCmd)
    i.TIM_ClearFlag                          0x08001c9a   Section        0  stm32f10x_tim.o(i.TIM_ClearFlag)
    i.TIM_ClearITPendingBit                  0x08001ca0   Section        0  stm32f10x_tim.o(i.TIM_ClearITPendingBit)
    i.TIM_Cmd                                0x08001ca6   Section        0  stm32f10x_tim.o(i.TIM_Cmd)
    i.TIM_GetCapture1                        0x08001cbe   Section        0  stm32f10x_tim.o(i.TIM_GetCapture1)
    i.TIM_GetITStatus                        0x08001cc4   Section        0  stm32f10x_tim.o(i.TIM_GetITStatus)
    i.TIM_ICInit                             0x08001ce8   Section        0  stm32f10x_tim.o(i.TIM_ICInit)
    i.TIM_ITConfig                           0x08001d94   Section        0  stm32f10x_tim.o(i.TIM_ITConfig)
    i.TIM_OC1Init                            0x08001dac   Section        0  stm32f10x_tim.o(i.TIM_OC1Init)
    i.TIM_OC1PreloadConfig                   0x08001e44   Section        0  stm32f10x_tim.o(i.TIM_OC1PreloadConfig)
    i.TIM_OC2Init                            0x08001e58   Section        0  stm32f10x_tim.o(i.TIM_OC2Init)
    i.TIM_OC2PreloadConfig                   0x08001ef4   Section        0  stm32f10x_tim.o(i.TIM_OC2PreloadConfig)
    i.TIM_OC3Init                            0x08001f0c   Section        0  stm32f10x_tim.o(i.TIM_OC3Init)
    i.TIM_OC3PreloadConfig                   0x08001fa4   Section        0  stm32f10x_tim.o(i.TIM_OC3PreloadConfig)
    i.TIM_OC4Init                            0x08001fb8   Section        0  stm32f10x_tim.o(i.TIM_OC4Init)
    i.TIM_OC4PreloadConfig                   0x0800202c   Section        0  stm32f10x_tim.o(i.TIM_OC4PreloadConfig)
    i.TIM_SetIC1Prescaler                    0x08002042   Section        0  stm32f10x_tim.o(i.TIM_SetIC1Prescaler)
    i.TIM_SetIC2Prescaler                    0x08002054   Section        0  stm32f10x_tim.o(i.TIM_SetIC2Prescaler)
    i.TIM_SetIC3Prescaler                    0x0800206a   Section        0  stm32f10x_tim.o(i.TIM_SetIC3Prescaler)
    i.TIM_SetIC4Prescaler                    0x0800207c   Section        0  stm32f10x_tim.o(i.TIM_SetIC4Prescaler)
    i.TIM_TimeBaseInit                       0x08002094   Section        0  stm32f10x_tim.o(i.TIM_TimeBaseInit)
    i.TIM_TimeBaseStructInit                 0x08002138   Section        0  stm32f10x_tim.o(i.TIM_TimeBaseStructInit)
    i.Tem_PID_Control                        0x0800214c   Section        0  temperture_control.o(i.Tem_PID_Control)
    i.Tem_Process                            0x08002238   Section        0  temperture_control.o(i.Tem_Process)
    i.USART1_Config                          0x08002370   Section        0  usart.o(i.USART1_Config)
    i.USART1_IRQHandler                      0x080023f8   Section        0  stm32f10x_it.o(i.USART1_IRQHandler)
    i.USART_Cmd                              0x0800247c   Section        0  stm32f10x_usart.o(i.USART_Cmd)
    i.USART_GetITStatus                      0x08002494   Section        0  stm32f10x_usart.o(i.USART_GetITStatus)
    i.USART_ITConfig                         0x080024e8   Section        0  stm32f10x_usart.o(i.USART_ITConfig)
    i.USART_Init                             0x08002534   Section        0  stm32f10x_usart.o(i.USART_Init)
    i.USART_ReceiveData                      0x0800260c   Section        0  stm32f10x_usart.o(i.USART_ReceiveData)
    i.USART_SendData                         0x08002616   Section        0  stm32f10x_usart.o(i.USART_SendData)
    i.USART_Send_String                      0x0800261e   Section        0  usart.o(i.USART_Send_String)
    i.Upload_to_pc                           0x08002648   Section        0  usart.o(i.Upload_to_pc)
    i.__scatterload_copy                     0x0800271c   Section       14  handlers.o(i.__scatterload_copy)
    i.__scatterload_null                     0x0800272a   Section        2  handlers.o(i.__scatterload_null)
    i.__scatterload_zeroinit                 0x0800272c   Section       14  handlers.o(i.__scatterload_zeroinit)
    i.commdeal                               0x0800273c   Section        0  usart.o(i.commdeal)
    i.exch                                   0x080028f8   Section        0  temperture_control.o(i.exch)
    i.main                                   0x0800290c   Section        0  main.o(i.main)
    .data                                    0x20000000   Section       12  globle.o(.data)
    .data                                    0x2000000c   Section       18  stm32f10x_it.o(.data)
    ITsum                                    0x20000015   Data           1  stm32f10x_it.o(.data)
    TIM4_IC_Value1                           0x20000016   Data           2  stm32f10x_it.o(.data)
    TIM4_IC_Value2                           0x20000018   Data           2  stm32f10x_it.o(.data)
    CaptureNumber                            0x2000001a   Data           2  stm32f10x_it.o(.data)
    Capture                                  0x2000001c   Data           2  stm32f10x_it.o(.data)
    .data                                    0x2000001e   Section        6  timer.o(.data)
    .data                                    0x20000024   Section        3  usart.o(.data)
    .data                                    0x20000028   Section      512  temperture_control.o(.data)
    PT_V1                                    0x20000216   Data           2  temperture_control.o(.data)
    PT_V2                                    0x20000218   Data           2  temperture_control.o(.data)
    rank                                     0x2000021a   Data           1  temperture_control.o(.data)
    Temp_value                               0x2000021c   Data           2  temperture_control.o(.data)
    Last_Temp_value                          0x2000021e   Data           2  temperture_control.o(.data)
    flag                                     0x20000220   Data           2  temperture_control.o(.data)
    Temp_PWM                                 0x20000222   Data           2  temperture_control.o(.data)
    flag                                     0x20000224   Data           4  temperture_control.o(.data)
    .data                                    0x20000228   Section        6  ld_drive.o(.data)
    .data                                    0x2000022e   Section       21  dj_control.o(.data)
    .data                                    0x20000243   Section       20  stm32f10x_rcc.o(.data)
    APBAHBPrescTable                         0x20000243   Data          16  stm32f10x_rcc.o(.data)
    ADCPrescTable                            0x20000253   Data           4  stm32f10x_rcc.o(.data)
    .bss                                     0x20000258   Section       18  adc.o(.bss)
    .bss                                     0x2000026a   Section       62  usart.o(.bss)
    .bss                                     0x200002a8   Section       48  temperture_control.o(.bss)
    STACK                                    0x200002d8   Section     1024  startup_stm32f10x_hd.o(STACK)

    Global Symbols

    Symbol Name                              Value     Ov Type        Size  Object(Section)

    BuildAttributes$$THM_ISAv4$P$D$K$B$S$PE$A:L22UL41UL21$X:L11$S22US41US21$IEEE1$IW$USESV6$~STKCKD$USESV7$~SHL$OSPACE$EBA8$MICROLIB$REQ8$PRES8$EABIv2 0x00000000   Number         0  anon$$obj.o ABSOLUTE
    __ARM_use_no_argv                        0x00000000   Number         0  main.o ABSOLUTE
    __Vectors_Size                           0x00000130   Number         0  startup_stm32f10x_hd.o ABSOLUTE
    __Vectors                                0x08000000   Data           4  startup_stm32f10x_hd.o(RESET)
    __Vectors_End                            0x08000130   Data           0  startup_stm32f10x_hd.o(RESET)
    __main                                   0x08000131   Thumb Code     0  entry.o(.ARM.Collect$$$$00000000)
    _main_stk                                0x08000131   Thumb Code     0  entry2.o(.ARM.Collect$$$$00000001)
    _main_scatterload                        0x08000135   Thumb Code     0  entry5.o(.ARM.Collect$$$$00000004)
    __main_after_scatterload                 0x08000139   Thumb Code     0  entry5.o(.ARM.Collect$$$$00000004)
    _main_init                               0x08000139   Thumb Code     0  entry7.o(.ARM.Collect$$$$00000007)
    Reset_Handler                            0x08000145   Thumb Code     8  startup_stm32f10x_hd.o(.text)
    NMI_Handler                              0x0800014d   Thumb Code     2  startup_stm32f10x_hd.o(.text)
    HardFault_Handler                        0x0800014f   Thumb Code     2  startup_stm32f10x_hd.o(.text)
    MemManage_Handler                        0x08000151   Thumb Code     2  startup_stm32f10x_hd.o(.text)
    BusFault_Handler                         0x08000153   Thumb Code     2  startup_stm32f10x_hd.o(.text)
    UsageFault_Handler                       0x08000155   Thumb Code     2  startup_stm32f10x_hd.o(.text)
    SVC_Handler                              0x08000157   Thumb Code     2  startup_stm32f10x_hd.o(.text)
    DebugMon_Handler                         0x08000159   Thumb Code     2  startup_stm32f10x_hd.o(.text)
    PendSV_Handler                           0x0800015b   Thumb Code     2  startup_stm32f10x_hd.o(.text)
    ADC3_IRQHandler                          0x0800015f   Thumb Code     0  startup_stm32f10x_hd.o(.text)
    CAN1_RX1_IRQHandler                      0x0800015f   Thumb Code     0  startup_stm32f10x_hd.o(.text)
    CAN1_SCE_IRQHandler                      0x0800015f   Thumb Code     0  startup_stm32f10x_hd.o(.text)
    DMA1_Channel2_IRQHandler                 0x0800015f   Thumb Code     0  startup_stm32f10x_hd.o(.text)
    DMA1_Channel3_IRQHandler                 0x0800015f   Thumb Code     0  startup_stm32f10x_hd.o(.text)
    DMA1_Channel4_IRQHandler                 0x0800015f   Thumb Code     0  startup_stm32f10x_hd.o(.text)
    DMA1_Channel5_IRQHandler                 0x0800015f   Thumb Code     0  startup_stm32f10x_hd.o(.text)
    DMA1_Channel6_IRQHandler                 0x0800015f   Thumb Code     0  startup_stm32f10x_hd.o(.text)
    DMA1_Channel7_IRQHandler                 0x0800015f   Thumb Code     0  startup_stm32f10x_hd.o(.text)
    DMA2_Channel1_IRQHandler                 0x0800015f   Thumb Code     0  startup_stm32f10x_hd.o(.text)
    DMA2_Channel2_IRQHandler                 0x0800015f   Thumb Code     0  startup_stm32f10x_hd.o(.text)
    DMA2_Channel3_IRQHandler                 0x0800015f   Thumb Code     0  startup_stm32f10x_hd.o(.text)
    DMA2_Channel4_5_IRQHandler               0x0800015f   Thumb Code     0  startup_stm32f10x_hd.o(.text)
    EXTI15_10_IRQHandler                     0x0800015f   Thumb Code     0  startup_stm32f10x_hd.o(.text)
    EXTI2_IRQHandler                         0x0800015f   Thumb Code     0  startup_stm32f10x_hd.o(.text)
    EXTI3_IRQHandler                         0x0800015f   Thumb Code     0  startup_stm32f10x_hd.o(.text)
    EXTI4_IRQHandler                         0x0800015f   Thumb Code     0  startup_stm32f10x_hd.o(.text)
    EXTI9_5_IRQHandler                       0x0800015f   Thumb Code     0  startup_stm32f10x_hd.o(.text)
    FLASH_IRQHandler                         0x0800015f   Thumb Code     0  startup_stm32f10x_hd.o(.text)
    FSMC_IRQHandler                          0x0800015f   Thumb Code     0  startup_stm32f10x_hd.o(.text)
    I2C1_ER_IRQHandler                       0x0800015f   Thumb Code     0  startup_stm32f10x_hd.o(.text)
    I2C1_EV_IRQHandler                       0x0800015f   Thumb Code     0  startup_stm32f10x_hd.o(.text)
    I2C2_ER_IRQHandler                       0x0800015f   Thumb Code     0  startup_stm32f10x_hd.o(.text)
    I2C2_EV_IRQHandler                       0x0800015f   Thumb Code     0  startup_stm32f10x_hd.o(.text)
    PVD_IRQHandler                           0x0800015f   Thumb Code     0  startup_stm32f10x_hd.o(.text)
    RCC_IRQHandler                           0x0800015f   Thumb Code     0  startup_stm32f10x_hd.o(.text)
    RTCAlarm_IRQHandler                      0x0800015f   Thumb Code     0  startup_stm32f10x_hd.o(.text)
    RTC_IRQHandler                           0x0800015f   Thumb Code     0  startup_stm32f10x_hd.o(.text)
    SDIO_IRQHandler                          0x0800015f   Thumb Code     0  startup_stm32f10x_hd.o(.text)
    SPI1_IRQHandler                          0x0800015f   Thumb Code     0  startup_stm32f10x_hd.o(.text)
    SPI2_IRQHandler                          0x0800015f   Thumb Code     0  startup_stm32f10x_hd.o(.text)
    SPI3_IRQHandler                          0x0800015f   Thumb Code     0  startup_stm32f10x_hd.o(.text)
    TAMPER_IRQHandler                        0x0800015f   Thumb Code     0  startup_stm32f10x_hd.o(.text)
    TIM1_BRK_IRQHandler                      0x0800015f   Thumb Code     0  startup_stm32f10x_hd.o(.text)
    TIM1_CC_IRQHandler                       0x0800015f   Thumb Code     0  startup_stm32f10x_hd.o(.text)
    TIM1_TRG_COM_IRQHandler                  0x0800015f   Thumb Code     0  startup_stm32f10x_hd.o(.text)
    TIM1_UP_IRQHandler                       0x0800015f   Thumb Code     0  startup_stm32f10x_hd.o(.text)
    TIM2_IRQHandler                          0x0800015f   Thumb Code     0  startup_stm32f10x_hd.o(.text)
    TIM3_IRQHandler                          0x0800015f   Thumb Code     0  startup_stm32f10x_hd.o(.text)
    TIM5_IRQHandler                          0x0800015f   Thumb Code     0  startup_stm32f10x_hd.o(.text)
    TIM7_IRQHandler                          0x0800015f   Thumb Code     0  startup_stm32f10x_hd.o(.text)
    TIM8_BRK_IRQHandler                      0x0800015f   Thumb Code     0  startup_stm32f10x_hd.o(.text)
    TIM8_CC_IRQHandler                       0x0800015f   Thumb Code     0  startup_stm32f10x_hd.o(.text)
    TIM8_TRG_COM_IRQHandler                  0x0800015f   Thumb Code     0  startup_stm32f10x_hd.o(.text)
    TIM8_UP_IRQHandler                       0x0800015f   Thumb Code     0  startup_stm32f10x_hd.o(.text)
    UART4_IRQHandler                         0x0800015f   Thumb Code     0  startup_stm32f10x_hd.o(.text)
    UART5_IRQHandler                         0x0800015f   Thumb Code     0  startup_stm32f10x_hd.o(.text)
    USART2_IRQHandler                        0x0800015f   Thumb Code     0  startup_stm32f10x_hd.o(.text)
    USART3_IRQHandler                        0x0800015f   Thumb Code     0  startup_stm32f10x_hd.o(.text)
    USBWakeUp_IRQHandler                     0x0800015f   Thumb Code     0  startup_stm32f10x_hd.o(.text)
    USB_HP_CAN1_TX_IRQHandler                0x0800015f   Thumb Code     0  startup_stm32f10x_hd.o(.text)
    USB_LP_CAN1_RX0_IRQHandler               0x0800015f   Thumb Code     0  startup_stm32f10x_hd.o(.text)
    WWDG_IRQHandler                          0x0800015f   Thumb Code     0  startup_stm32f10x_hd.o(.text)
    __scatterload                            0x08000169   Thumb Code    28  init.o(.text)
    __scatterload_rt2                        0x08000169   Thumb Code     0  init.o(.text)
    __decompress                             0x0800018d   Thumb Code     0  __dczerorl2.o(.text)
    __decompress1                            0x0800018d   Thumb Code    92  __dczerorl2.o(.text)
    ADC1_2_IRQHandler                        0x080001e9   Thumb Code    14  stm32f10x_it.o(i.ADC1_2_IRQHandler)
    ADC1_Config                              0x08000201   Thumb Code   386  adc.o(i.ADC1_Config)
    ADC_Cmd                                  0x08000399   Thumb Code    22  stm32f10x_adc.o(i.ADC_Cmd)
    ADC_DMACmd                               0x080003af   Thumb Code    22  stm32f10x_adc.o(i.ADC_DMACmd)
    ADC_ExternalTrigConvCmd                  0x080003c5   Thumb Code    22  stm32f10x_adc.o(i.ADC_ExternalTrigConvCmd)
    ADC_GetCalibrationStatus                 0x080003db   Thumb Code    20  stm32f10x_adc.o(i.ADC_GetCalibrationStatus)
    ADC_GetConversionValue                   0x080003ef   Thumb Code     8  stm32f10x_adc.o(i.ADC_GetConversionValue)
    ADC_GetResetCalibrationStatus            0x080003f7   Thumb Code    20  stm32f10x_adc.o(i.ADC_GetResetCalibrationStatus)
    ADC_ITConfig                             0x0800040b   Thumb Code    24  stm32f10x_adc.o(i.ADC_ITConfig)
    ADC_Init                                 0x08000425   Thumb Code    70  stm32f10x_adc.o(i.ADC_Init)
    ADC_RegularChannelConfig                 0x08000475   Thumb Code   184  stm32f10x_adc.o(i.ADC_RegularChannelConfig)
    ADC_ResetCalibration                     0x0800052d   Thumb Code    10  stm32f10x_adc.o(i.ADC_ResetCalibration)
    ADC_StartCalibration                     0x08000537   Thumb Code    10  stm32f10x_adc.o(i.ADC_StartCalibration)
    ADelay_1us                               0x08000541   Thumb Code    26  adc.o(i.ADelay_1us)
    CalculateTemperature                     0x0800055d   Thumb Code   174  temperture_control.o(i.CalculateTemperature)
    DAC_Cmd                                  0x08000611   Thumb Code    50  stm32f10x_dac.o(i.DAC_Cmd)
    DAC_Config                               0x0800064d   Thumb Code   116  dac.o(i.DAC_Config)
    DAC_Init                                 0x080006c5   Thumb Code    58  stm32f10x_dac.o(i.DAC_Init)
    DAC_SetChannel1Data                      0x08000709   Thumb Code    14  stm32f10x_dac.o(i.DAC_SetChannel1Data)
    DAC_SetChannel2Data                      0x0800071d   Thumb Code    14  stm32f10x_dac.o(i.DAC_SetChannel2Data)
    DAC_SoftwareTriggerCmd                   0x08000731   Thumb Code    60  stm32f10x_dac.o(i.DAC_SoftwareTriggerCmd)
    DCF_Contral                              0x08000775   Thumb Code   104  globle.o(i.DCF_Contral)
    DJ_Calibration                           0x080007e1   Thumb Code   184  dj_control.o(i.DJ_Calibration)
    DMA1_Channel1_IRQHandler                 0x080008c1   Thumb Code    60  stm32f10x_it.o(i.DMA1_Channel1_IRQHandler)
    DMA_ClearITPendingBit                    0x0800090d   Thumb Code    18  stm32f10x_dma.o(i.DMA_ClearITPendingBit)
    DMA_Cmd                                  0x08000929   Thumb Code    24  stm32f10x_dma.o(i.DMA_Cmd)
    DMA_DeInit                               0x08000941   Thumb Code   320  stm32f10x_dma.o(i.DMA_DeInit)
    DMA_GetITStatus                          0x08000a91   Thumb Code    34  stm32f10x_dma.o(i.DMA_GetITStatus)
    DMA_ITConfig                             0x08000abd   Thumb Code    18  stm32f10x_dma.o(i.DMA_ITConfig)
    DMA_Init                                 0x08000acf   Thumb Code    60  stm32f10x_dma.o(i.DMA_Init)
    Data_Filter                              0x08000b0b   Thumb Code   110  temperture_control.o(i.Data_Filter)
    Delay_1ms                                0x08000b79   Thumb Code    28  globle.o(i.Delay_1ms)
    Delay_1us                                0x08000b95   Thumb Code    26  globle.o(i.Delay_1us)
    EXTI0_IRQHandler                         0x08000bb1   Thumb Code   174  stm32f10x_it.o(i.EXTI0_IRQHandler)
    EXTI1_IRQHandler                         0x08000c7d   Thumb Code   174  stm32f10x_it.o(i.EXTI1_IRQHandler)
    EXTI_ClearITPendingBit                   0x08000d49   Thumb Code     6  stm32f10x_exti.o(i.EXTI_ClearITPendingBit)
    EXTI_Config                              0x08000d55   Thumb Code   122  exit.o(i.EXTI_Config)
    EXTI_GetITStatus                         0x08000dd5   Thumb Code    34  stm32f10x_exti.o(i.EXTI_GetITStatus)
    EXTI_Init                                0x08000e01   Thumb Code   160  stm32f10x_exti.o(i.EXTI_Init)
    Fault_Check                              0x08000ead   Thumb Code   184  globle.o(i.Fault_Check)
    GPIO_EXTILineConfig                      0x08000f7d   Thumb Code    60  stm32f10x_gpio.o(i.GPIO_EXTILineConfig)
    GPIO_Init                                0x08000fbd   Thumb Code   274  stm32f10x_gpio.o(i.GPIO_Init)
    GPIO_PinRemapConfig                      0x080010d1   Thumb Code   138  stm32f10x_gpio.o(i.GPIO_PinRemapConfig)
    GPIO_ReadInputDataBit                    0x08001161   Thumb Code    18  stm32f10x_gpio.o(i.GPIO_ReadInputDataBit)
    GPIO_ResetBits                           0x08001173   Thumb Code     4  stm32f10x_gpio.o(i.GPIO_ResetBits)
    GPIO_SetBits                             0x08001177   Thumb Code     4  stm32f10x_gpio.o(i.GPIO_SetBits)
    Globle_Init                              0x0800117d   Thumb Code    60  globle.o(i.Globle_Init)
    LD_PWM_Set                               0x080011cd   Thumb Code    36  timer.o(i.LD_PWM_Set)
    LD_Parameter_Set                         0x080011f5   Thumb Code    46  ld_drive.o(i.LD_Parameter_Set)
    NVIC_Configuration                       0x08001223   Thumb Code   148  globle.o(i.NVIC_Configuration)
    NVIC_Init                                0x080012b9   Thumb Code   118  misc.o(i.NVIC_Init)
    NVIC_PriorityGroupConfig                 0x0800133d   Thumb Code    10  misc.o(i.NVIC_PriorityGroupConfig)
    PORT_Init                                0x08001351   Thumb Code   140  globle.o(i.PORT_Init)
    RCC_ADCCLKConfig                         0x080013f1   Thumb Code    18  stm32f10x_rcc.o(i.RCC_ADCCLKConfig)
    RCC_AHBPeriphClockCmd                    0x08001409   Thumb Code    26  stm32f10x_rcc.o(i.RCC_AHBPeriphClockCmd)
    RCC_APB1PeriphClockCmd                   0x08001429   Thumb Code    26  stm32f10x_rcc.o(i.RCC_APB1PeriphClockCmd)
    RCC_APB2PeriphClockCmd                   0x08001449   Thumb Code    26  stm32f10x_rcc.o(i.RCC_APB2PeriphClockCmd)
    RCC_GetClocksFreq                        0x08001469   Thumb Code   192  stm32f10x_rcc.o(i.RCC_GetClocksFreq)
    Read_IO_State                            0x0800153d   Thumb Code    48  globle.o(i.Read_IO_State)
    SysTick_Handler                          0x0800163d   Thumb Code    18  stm32f10x_it.o(i.SysTick_Handler)
    SystemInit                               0x08001655   Thumb Code    78  system_stm32f10x.o(i.SystemInit)
    TIM3_Configuration                       0x080018d5   Thumb Code   140  timer.o(i.TIM3_Configuration)
    TIM4_Configuration                       0x08001969   Thumb Code   140  timer.o(i.TIM4_Configuration)
    TIM4_IRQHandler                          0x080019fd   Thumb Code   136  stm32f10x_it.o(i.TIM4_IRQHandler)
    TIM5_Configuration                       0x08001a9d   Thumb Code   226  timer.o(i.TIM5_Configuration)
    TIM6_Configuration                       0x08001b89   Thumb Code    76  timer.o(i.TIM6_Configuration)
    TIM6_IRQHandler                          0x08001bd9   Thumb Code   110  stm32f10x_it.o(i.TIM6_IRQHandler)
    TIM_ARRPreloadConfig                     0x08001c61   Thumb Code    24  stm32f10x_tim.o(i.TIM_ARRPreloadConfig)
    TIM_CCxCmd                               0x08001c79   Thumb Code    34  stm32f10x_tim.o(i.TIM_CCxCmd)
    TIM_ClearFlag                            0x08001c9b   Thumb Code     6  stm32f10x_tim.o(i.TIM_ClearFlag)
    TIM_ClearITPendingBit                    0x08001ca1   Thumb Code     6  stm32f10x_tim.o(i.TIM_ClearITPendingBit)
    TIM_Cmd                                  0x08001ca7   Thumb Code    24  stm32f10x_tim.o(i.TIM_Cmd)
    TIM_GetCapture1                          0x08001cbf   Thumb Code     6  stm32f10x_tim.o(i.TIM_GetCapture1)
    TIM_GetITStatus                          0x08001cc5   Thumb Code    34  stm32f10x_tim.o(i.TIM_GetITStatus)
    TIM_ICInit                               0x08001ce9   Thumb Code   150  stm32f10x_tim.o(i.TIM_ICInit)
    TIM_ITConfig                             0x08001d95   Thumb Code    24  stm32f10x_tim.o(i.TIM_ITConfig)
    TIM_OC1Init                              0x08001dad   Thumb Code   132  stm32f10x_tim.o(i.TIM_OC1Init)
    TIM_OC1PreloadConfig                     0x08001e45   Thumb Code    18  stm32f10x_tim.o(i.TIM_OC1PreloadConfig)
    TIM_OC2Init                              0x08001e59   Thumb Code   146  stm32f10x_tim.o(i.TIM_OC2Init)
    TIM_OC2PreloadConfig                     0x08001ef5   Thumb Code    22  stm32f10x_tim.o(i.TIM_OC2PreloadConfig)
    TIM_OC3Init                              0x08001f0d   Thumb Code   142  stm32f10x_tim.o(i.TIM_OC3Init)
    TIM_OC3PreloadConfig                     0x08001fa5   Thumb Code    18  stm32f10x_tim.o(i.TIM_OC3PreloadConfig)
    TIM_OC4Init                              0x08001fb9   Thumb Code   106  stm32f10x_tim.o(i.TIM_OC4Init)
    TIM_OC4PreloadConfig                     0x0800202d   Thumb Code    22  stm32f10x_tim.o(i.TIM_OC4PreloadConfig)
    TIM_SetIC1Prescaler                      0x08002043   Thumb Code    18  stm32f10x_tim.o(i.TIM_SetIC1Prescaler)
    TIM_SetIC2Prescaler                      0x08002055   Thumb Code    22  stm32f10x_tim.o(i.TIM_SetIC2Prescaler)
    TIM_SetIC3Prescaler                      0x0800206b   Thumb Code    18  stm32f10x_tim.o(i.TIM_SetIC3Prescaler)
    TIM_SetIC4Prescaler                      0x0800207d   Thumb Code    22  stm32f10x_tim.o(i.TIM_SetIC4Prescaler)
    TIM_TimeBaseInit                         0x08002095   Thumb Code   122  stm32f10x_tim.o(i.TIM_TimeBaseInit)
    TIM_TimeBaseStructInit                   0x08002139   Thumb Code    18  stm32f10x_tim.o(i.TIM_TimeBaseStructInit)
    Tem_PID_Control                          0x0800214d   Thumb Code   196  temperture_control.o(i.Tem_PID_Control)
    Tem_Process                              0x08002239   Thumb Code   256  temperture_control.o(i.Tem_Process)
    USART1_Config                            0x08002371   Thumb Code   126  usart.o(i.USART1_Config)
    USART1_IRQHandler                        0x080023f9   Thumb Code   110  stm32f10x_it.o(i.USART1_IRQHandler)
    USART_Cmd                                0x0800247d   Thumb Code    24  stm32f10x_usart.o(i.USART_Cmd)
    USART_GetITStatus                        0x08002495   Thumb Code    84  stm32f10x_usart.o(i.USART_GetITStatus)
    USART_ITConfig                           0x080024e9   Thumb Code    74  stm32f10x_usart.o(i.USART_ITConfig)
    USART_Init                               0x08002535   Thumb Code   210  stm32f10x_usart.o(i.USART_Init)
    USART_ReceiveData                        0x0800260d   Thumb Code    10  stm32f10x_usart.o(i.USART_ReceiveData)
    USART_SendData                           0x08002617   Thumb Code     8  stm32f10x_usart.o(i.USART_SendData)
    USART_Send_String                        0x0800261f   Thumb Code    40  usart.o(i.USART_Send_String)
    Upload_to_pc                             0x08002649   Thumb Code   180  usart.o(i.Upload_to_pc)
    __scatterload_copy                       0x0800271d   Thumb Code    14  handlers.o(i.__scatterload_copy)
    __scatterload_null                       0x0800272b   Thumb Code     2  handlers.o(i.__scatterload_null)
    __scatterload_zeroinit                   0x0800272d   Thumb Code    14  handlers.o(i.__scatterload_zeroinit)
    commdeal                                 0x0800273d   Thumb Code   370  usart.o(i.commdeal)
    exch                                     0x080028f9   Thumb Code    20  temperture_control.o(i.exch)
    main                                     0x0800290d   Thumb Code   102  main.o(i.main)
    Region$$Table$$Base                      0x0800297c   Number         0  anon$$obj.o(Region$$Table)
    Region$$Table$$Limit                     0x0800299c   Number         0  anon$$obj.o(Region$$Table)
    In_Clk_Frequence                         0x20000000   Data           2  globle.o(.data)
    In_Clk_Duty                              0x20000002   Data           1  globle.o(.data)
    PT_Flag                                  0x20000003   Data           1  globle.o(.data)
    Fault_Code                               0x20000004   Data           1  globle.o(.data)
    TimingDelay                              0x20000008   Data           4  globle.o(.data)
    ADC1ConvertedValue                       0x2000000c   Data           2  stm32f10x_it.o(.data)
    ADC1_Convert_Done                        0x2000000e   Data           1  stm32f10x_it.o(.data)
    AD_duty                                  0x20000010   Data           2  stm32f10x_it.o(.data)
    AD_period                                0x20000012   Data           2  stm32f10x_it.o(.data)
    CollectFlag                              0x20000014   Data           1  stm32f10x_it.o(.data)
    TIM6_Count                               0x2000001e   Data           2  timer.o(.data)
    Tem_State_Count                          0x20000020   Data           2  timer.o(.data)
    TIM4_Count                               0x20000022   Data           2  timer.o(.data)
    RECEIVE_buffer                           0x20000024   Data           1  usart.o(.data)
    point                                    0x20000025   Data           1  usart.o(.data)
    receivedone                              0x20000026   Data           1  usart.o(.data)
    LDtemperature                            0x20000028   Data           2  temperture_control.o(.data)
    Tem_Set_Value1                           0x2000002a   Data           2  temperture_control.o(.data)
    Tem_Set_Value2                           0x2000002c   Data           2  temperture_control.o(.data)
    Hold_Time1                               0x2000002e   Data           2  temperture_control.o(.data)
    Hold_Time2                               0x20000030   Data           2  temperture_control.o(.data)
    LDtemperature2                           0x20000032   Data           2  temperture_control.o(.data)
    Temperture_Fault                         0x20000034   Data           1  temperture_control.o(.data)
    R_Value                                  0x20000038   Data           4  temperture_control.o(.data)
    EK                                       0x2000003c   Data           4  temperture_control.o(.data)
    EK1                                      0x20000040   Data           4  temperture_control.o(.data)
    Kp                                       0x20000044   Data           4  temperture_control.o(.data)
    Ki                                       0x20000048   Data           4  temperture_control.o(.data)
    Kd                                       0x2000004c   Data           4  temperture_control.o(.data)
    Pterm                                    0x20000050   Data           4  temperture_control.o(.data)
    Iterm                                    0x20000054   Data           4  temperture_control.o(.data)
    Dterm                                    0x20000058   Data           4  temperture_control.o(.data)
    UK                                       0x2000005c   Data           4  temperture_control.o(.data)
    PWM_Value                                0x20000060   Data           2  temperture_control.o(.data)
    PV                                       0x20000062   Data           2  temperture_control.o(.data)
    IV                                       0x20000064   Data           2  temperture_control.o(.data)
    DV                                       0x20000066   Data           2  temperture_control.o(.data)
    PWM_Edge1                                0x20000068   Data           2  temperture_control.o(.data)
    PWM_Edge2                                0x2000006a   Data           2  temperture_control.o(.data)
    PWM_Edge3                                0x2000006c   Data           2  temperture_control.o(.data)
    Current_State                            0x2000006e   Data           1  temperture_control.o(.data)
    Tem_Cmd                                  0x2000006f   Data           1  temperture_control.o(.data)
    RTD_TAB_PT100                            0x20000070   Data         422  temperture_control.o(.data)
    LD_Current_Set                           0x20000228   Data           1  ld_drive.o(.data)
    LD_Current                               0x20000229   Data           1  ld_drive.o(.data)
    SL_Frequence                             0x2000022a   Data           2  ld_drive.o(.data)
    SL_Duty                                  0x2000022c   Data           2  ld_drive.o(.data)
    Exit0_Count                              0x2000022e   Data           2  dj_control.o(.data)
    Exit1_Count                              0x20000230   Data           2  dj_control.o(.data)
    DJ1_Step_Length                          0x20000232   Data           2  dj_control.o(.data)
    DJ2_Step_Length                          0x20000234   Data           2  dj_control.o(.data)
    DJ1_Run_Length                           0x20000236   Data           2  dj_control.o(.data)
    DJ2_Run_Length                           0x20000238   Data           2  dj_control.o(.data)
    DJ1_DI_Flag                              0x2000023a   Data           1  dj_control.o(.data)
    DJ2_DI_Flag                              0x2000023b   Data           1  dj_control.o(.data)
    DJ1_Current_Position                     0x2000023c   Data           2  dj_control.o(.data)
    DJ2_Current_Position                     0x2000023e   Data           2  dj_control.o(.data)
    DJ1_Mode                                 0x20000240   Data           1  dj_control.o(.data)
    DJ2_Mode                                 0x20000241   Data           1  dj_control.o(.data)
    DJ_Start_State                           0x20000242   Data           1  dj_control.o(.data)
    ADC_ConvertedValue                       0x20000258   Data          18  adc.o(.bss)
    USART_Buffer                             0x2000026a   Data          50  usart.o(.bss)
    Upload_Tab                               0x2000029c   Data          12  usart.o(.bss)
    Tem_Tab                                  0x200002a8   Data          24  temperture_control.o(.bss)
    PT100_Tab                                0x200002c0   Data          24  temperture_control.o(.bss)
    __initial_sp                             0x200006d8   Data           0  startup_stm32f10x_hd.o(STACK)



==============================================================================

Memory Map of the image

  Image Entry point : 0x08000131

  Load Region LR_IROM1 (Base: 0x08000000, Size: 0x00002bf4, Max: 0x00080000, ABSOLUTE, COMPRESSED[0x00002b7c])

    Execution Region ER_IROM1 (Base: 0x08000000, Size: 0x0000299c, Max: 0x00080000, ABSOLUTE)

    Base Addr    Size         Type   Attr      Idx    E Section Name        Object

    0x08000000   0x00000130   Data   RO          516    RESET               startup_stm32f10x_hd.o
    0x08000130   0x00000000   Code   RO         3530  * .ARM.Collect$$$$00000000  mc_w.l(entry.o)(mc_w.l)
    0x08000130   0x00000004   Code   RO         3533    .ARM.Collect$$$$00000001  mc_w.l(entry2.o)(mc_w.l)
    0x08000134   0x00000004   Code   RO         3536    .ARM.Collect$$$$00000004  mc_w.l(entry5.o)(mc_w.l)
    0x08000138   0x00000008   Code   RO         3537    .ARM.Collect$$$$00000007  mc_w.l(entry7.o)(mc_w.l)
    0x08000140   0x00000004   Code   RO         3534    .ARM.Collect$$$$00002712  mc_w.l(entry2.o)(mc_w.l)
    0x08000144   0x00000024   Code   RO          517    .text               startup_stm32f10x_hd.o
    0x08000168   0x00000024   Code   RO         3538    .text               mc_w.l(init.o)(mc_w.l)
    0x0800018c   0x0000005c   Code   RO         3548    .text               mc_w.l(__dczerorl2.o)(mc_w.l)
    0x080001e8   0x00000018   Code   RO          176    i.ADC1_2_IRQHandler  stm32f10x_it.o
    0x08000200   0x00000198   Code   RO          259    i.ADC1_Config       adc.o
    0x08000398   0x00000016   Code   RO         1057    i.ADC_Cmd           stm32f10x_adc.o
    0x080003ae   0x00000016   Code   RO         1058    i.ADC_DMACmd        stm32f10x_adc.o
    0x080003c4   0x00000016   Code   RO         1062    i.ADC_ExternalTrigConvCmd  stm32f10x_adc.o
    0x080003da   0x00000014   Code   RO         1065    i.ADC_GetCalibrationStatus  stm32f10x_adc.o
    0x080003ee   0x00000008   Code   RO         1066    i.ADC_GetConversionValue  stm32f10x_adc.o
    0x080003f6   0x00000014   Code   RO         1071    i.ADC_GetResetCalibrationStatus  stm32f10x_adc.o
    0x0800040a   0x00000018   Code   RO         1074    i.ADC_ITConfig      stm32f10x_adc.o
    0x08000422   0x00000002   PAD
    0x08000424   0x00000050   Code   RO         1075    i.ADC_Init          stm32f10x_adc.o
    0x08000474   0x000000b8   Code   RO         1079    i.ADC_RegularChannelConfig  stm32f10x_adc.o
    0x0800052c   0x0000000a   Code   RO         1080    i.ADC_ResetCalibration  stm32f10x_adc.o
    0x08000536   0x0000000a   Code   RO         1084    i.ADC_StartCalibration  stm32f10x_adc.o
    0x08000540   0x0000001a   Code   RO          260    i.ADelay_1us        adc.o
    0x0800055a   0x00000002   PAD
    0x0800055c   0x000000b4   Code   RO          370    i.CalculateTemperature  temperture_control.o
    0x08000610   0x0000003c   Code   RO         1650    i.DAC_Cmd           stm32f10x_dac.o
    0x0800064c   0x00000078   Code   RO          420    i.DAC_Config        dac.o
    0x080006c4   0x00000044   Code   RO         1655    i.DAC_Init          stm32f10x_dac.o
    0x08000708   0x00000014   Code   RO         1656    i.DAC_SetChannel1Data  stm32f10x_dac.o
    0x0800071c   0x00000014   Code   RO         1657    i.DAC_SetChannel2Data  stm32f10x_dac.o
    0x08000730   0x00000044   Code   RO         1659    i.DAC_SoftwareTriggerCmd  stm32f10x_dac.o
    0x08000774   0x0000006c   Code   RO          100    i.DCF_Contral       globle.o
    0x080007e0   0x000000e0   Code   RO          450    i.DJ_Calibration    dj_control.o
    0x080008c0   0x0000004c   Code   RO          177    i.DMA1_Channel1_IRQHandler  stm32f10x_it.o
    0x0800090c   0x0000001c   Code   RO         1756    i.DMA_ClearITPendingBit  stm32f10x_dma.o
    0x08000928   0x00000018   Code   RO         1757    i.DMA_Cmd           stm32f10x_dma.o
    0x08000940   0x00000150   Code   RO         1758    i.DMA_DeInit        stm32f10x_dma.o
    0x08000a90   0x0000002c   Code   RO         1761    i.DMA_GetITStatus   stm32f10x_dma.o
    0x08000abc   0x00000012   Code   RO         1762    i.DMA_ITConfig      stm32f10x_dma.o
    0x08000ace   0x0000003c   Code   RO         1763    i.DMA_Init          stm32f10x_dma.o
    0x08000b0a   0x0000006e   Code   RO          371    i.Data_Filter       temperture_control.o
    0x08000b78   0x0000001c   Code   RO          101    i.Delay_1ms         globle.o
    0x08000b94   0x0000001a   Code   RO          102    i.Delay_1us         globle.o
    0x08000bae   0x00000002   PAD
    0x08000bb0   0x000000cc   Code   RO          178    i.EXTI0_IRQHandler  stm32f10x_it.o
    0x08000c7c   0x000000cc   Code   RO          179    i.EXTI1_IRQHandler  stm32f10x_it.o
    0x08000d48   0x0000000c   Code   RO         1828    i.EXTI_ClearITPendingBit  stm32f10x_exti.o
    0x08000d54   0x00000080   Code   RO          241    i.EXTI_Config       exit.o
    0x08000dd4   0x0000002c   Code   RO         1832    i.EXTI_GetITStatus  stm32f10x_exti.o
    0x08000e00   0x000000ac   Code   RO         1833    i.EXTI_Init         stm32f10x_exti.o
    0x08000eac   0x000000d0   Code   RO          104    i.Fault_Check       globle.o
    0x08000f7c   0x00000040   Code   RO          704    i.GPIO_EXTILineConfig  stm32f10x_gpio.o
    0x08000fbc   0x00000112   Code   RO          707    i.GPIO_Init         stm32f10x_gpio.o
    0x080010ce   0x00000002   PAD
    0x080010d0   0x00000090   Code   RO          709    i.GPIO_PinRemapConfig  stm32f10x_gpio.o
    0x08001160   0x00000012   Code   RO          711    i.GPIO_ReadInputDataBit  stm32f10x_gpio.o
    0x08001172   0x00000004   Code   RO          714    i.GPIO_ResetBits    stm32f10x_gpio.o
    0x08001176   0x00000004   Code   RO          715    i.GPIO_SetBits      stm32f10x_gpio.o
    0x0800117a   0x00000002   PAD
    0x0800117c   0x00000050   Code   RO          105    i.Globle_Init       globle.o
    0x080011cc   0x00000028   Code   RO          287    i.LD_PWM_Set        timer.o
    0x080011f4   0x0000002e   Code   RO          432    i.LD_Parameter_Set  ld_drive.o
    0x08001222   0x00000094   Code   RO          106    i.NVIC_Configuration  globle.o
    0x080012b6   0x00000002   PAD
    0x080012b8   0x00000084   Code   RO         1015    i.NVIC_Init         misc.o
    0x0800133c   0x00000014   Code   RO         1016    i.NVIC_PriorityGroupConfig  misc.o
    0x08001350   0x000000a0   Code   RO          107    i.PORT_Init         globle.o
    0x080013f0   0x00000018   Code   RO          815    i.RCC_ADCCLKConfig  stm32f10x_rcc.o
    0x08001408   0x00000020   Code   RO          816    i.RCC_AHBPeriphClockCmd  stm32f10x_rcc.o
    0x08001428   0x00000020   Code   RO          817    i.RCC_APB1PeriphClockCmd  stm32f10x_rcc.o
    0x08001448   0x00000020   Code   RO          819    i.RCC_APB2PeriphClockCmd  stm32f10x_rcc.o
    0x08001468   0x000000d4   Code   RO          827    i.RCC_GetClocksFreq  stm32f10x_rcc.o
    0x0800153c   0x00000030   Code   RO          108    i.Read_IO_State     globle.o
    0x0800156c   0x00000008   Code   RO          480    i.SetSysClock       system_stm32f10x.o
    0x08001574   0x000000c8   Code   RO          481    i.SetSysClockTo72   system_stm32f10x.o
    0x0800163c   0x00000018   Code   RO          180    i.SysTick_Handler   stm32f10x_it.o
    0x08001654   0x00000060   Code   RO          483    i.SystemInit        system_stm32f10x.o
    0x080016b4   0x00000080   Code   RO         2925    i.TI1_Config        stm32f10x_tim.o
    0x08001734   0x0000008c   Code   RO         2926    i.TI2_Config        stm32f10x_tim.o
    0x080017c0   0x00000088   Code   RO         2927    i.TI3_Config        stm32f10x_tim.o
    0x08001848   0x0000008c   Code   RO         2928    i.TI4_Config        stm32f10x_tim.o
    0x080018d4   0x00000094   Code   RO          288    i.TIM3_Configuration  timer.o
    0x08001968   0x00000094   Code   RO          289    i.TIM4_Configuration  timer.o
    0x080019fc   0x000000a0   Code   RO          181    i.TIM4_IRQHandler   stm32f10x_it.o
    0x08001a9c   0x000000ec   Code   RO          290    i.TIM5_Configuration  timer.o
    0x08001b88   0x00000050   Code   RO          291    i.TIM6_Configuration  timer.o
    0x08001bd8   0x00000088   Code   RO          182    i.TIM6_IRQHandler   stm32f10x_it.o
    0x08001c60   0x00000018   Code   RO         2929    i.TIM_ARRPreloadConfig  stm32f10x_tim.o
    0x08001c78   0x00000022   Code   RO         2933    i.TIM_CCxCmd        stm32f10x_tim.o
    0x08001c9a   0x00000006   Code   RO         2935    i.TIM_ClearFlag     stm32f10x_tim.o
    0x08001ca0   0x00000006   Code   RO         2936    i.TIM_ClearITPendingBit  stm32f10x_tim.o
    0x08001ca6   0x00000018   Code   RO         2941    i.TIM_Cmd           stm32f10x_tim.o
    0x08001cbe   0x00000006   Code   RO         2956    i.TIM_GetCapture1   stm32f10x_tim.o
    0x08001cc4   0x00000022   Code   RO         2962    i.TIM_GetITStatus   stm32f10x_tim.o
    0x08001ce6   0x00000002   PAD
    0x08001ce8   0x000000ac   Code   RO         2964    i.TIM_ICInit        stm32f10x_tim.o
    0x08001d94   0x00000018   Code   RO         2966    i.TIM_ITConfig      stm32f10x_tim.o
    0x08001dac   0x00000098   Code   RO         2970    i.TIM_OC1Init       stm32f10x_tim.o
    0x08001e44   0x00000012   Code   RO         2973    i.TIM_OC1PreloadConfig  stm32f10x_tim.o
    0x08001e56   0x00000002   PAD
    0x08001e58   0x0000009c   Code   RO         2975    i.TIM_OC2Init       stm32f10x_tim.o
    0x08001ef4   0x00000016   Code   RO         2978    i.TIM_OC2PreloadConfig  stm32f10x_tim.o
    0x08001f0a   0x00000002   PAD
    0x08001f0c   0x00000098   Code   RO         2980    i.TIM_OC3Init       stm32f10x_tim.o
    0x08001fa4   0x00000012   Code   RO         2983    i.TIM_OC3PreloadConfig  stm32f10x_tim.o
    0x08001fb6   0x00000002   PAD
    0x08001fb8   0x00000074   Code   RO         2985    i.TIM_OC4Init       stm32f10x_tim.o
    0x0800202c   0x00000016   Code   RO         2987    i.TIM_OC4PreloadConfig  stm32f10x_tim.o
    0x08002042   0x00000012   Code   RO         3007    i.TIM_SetIC1Prescaler  stm32f10x_tim.o
    0x08002054   0x00000016   Code   RO         3008    i.TIM_SetIC2Prescaler  stm32f10x_tim.o
    0x0800206a   0x00000012   Code   RO         3009    i.TIM_SetIC3Prescaler  stm32f10x_tim.o
    0x0800207c   0x00000016   Code   RO         3010    i.TIM_SetIC4Prescaler  stm32f10x_tim.o
    0x08002092   0x00000002   PAD
    0x08002094   0x000000a4   Code   RO         3012    i.TIM_TimeBaseInit  stm32f10x_tim.o
    0x08002138   0x00000012   Code   RO         3013    i.TIM_TimeBaseStructInit  stm32f10x_tim.o
    0x0800214a   0x00000002   PAD
    0x0800214c   0x000000ec   Code   RO          372    i.Tem_PID_Control   temperture_control.o
    0x08002238   0x00000138   Code   RO          373    i.Tem_Process       temperture_control.o
    0x08002370   0x00000088   Code   RO          329    i.USART1_Config     usart.o
    0x080023f8   0x00000084   Code   RO          183    i.USART1_IRQHandler  stm32f10x_it.o
    0x0800247c   0x00000018   Code   RO          525    i.USART_Cmd         stm32f10x_usart.o
    0x08002494   0x00000054   Code   RO          529    i.USART_GetITStatus  stm32f10x_usart.o
    0x080024e8   0x0000004a   Code   RO          531    i.USART_ITConfig    stm32f10x_usart.o
    0x08002532   0x00000002   PAD
    0x08002534   0x000000d8   Code   RO          532    i.USART_Init        stm32f10x_usart.o
    0x0800260c   0x0000000a   Code   RO          539    i.USART_ReceiveData  stm32f10x_usart.o
    0x08002616   0x00000008   Code   RO          542    i.USART_SendData    stm32f10x_usart.o
    0x0800261e   0x00000028   Code   RO          330    i.USART_Send_String  usart.o
    0x08002646   0x00000002   PAD
    0x08002648   0x000000d4   Code   RO          331    i.Upload_to_pc      usart.o
    0x0800271c   0x0000000e   Code   RO         3542    i.__scatterload_copy  mc_w.l(handlers.o)(mc_w.l)
    0x0800272a   0x00000002   Code   RO         3543    i.__scatterload_null  mc_w.l(handlers.o)(mc_w.l)
    0x0800272c   0x0000000e   Code   RO         3544    i.__scatterload_zeroinit  mc_w.l(handlers.o)(mc_w.l)
    0x0800273a   0x00000002   PAD
    0x0800273c   0x000001bc   Code   RO          332    i.commdeal          usart.o
    0x080028f8   0x00000014   Code   RO          375    i.exch              temperture_control.o
    0x0800290c   0x00000070   Code   RO            1    i.main              main.o
    0x0800297c   0x00000020   Data   RO         3540    Region$$Table       anon$$obj.o


    Execution Region RW_IRAM1 (Base: 0x20000000, Size: 0x000006d8, Max: 0x00010000, ABSOLUTE, COMPRESSED[0x000001e0])

    Base Addr    Size         Type   Attr      Idx    E Section Name        Object

    0x20000000   0x0000000c   Data   RW          110    .data               globle.o
    0x2000000c   0x00000012   Data   RW          184    .data               stm32f10x_it.o
    0x2000001e   0x00000006   Data   RW          292    .data               timer.o
    0x20000024   0x00000003   Data   RW          334    .data               usart.o
    0x20000027   0x00000001   PAD
    0x20000028   0x00000200   Data   RW          377    .data               temperture_control.o
    0x20000228   0x00000006   Data   RW          433    .data               ld_drive.o
    0x2000022e   0x00000015   Data   RW          451    .data               dj_control.o
    0x20000243   0x00000014   Data   RW          847    .data               stm32f10x_rcc.o
    0x20000257   0x00000001   PAD
    0x20000258   0x00000012   Zero   RW          261    .bss                adc.o
    0x2000026a   0x0000003e   Zero   RW          333    .bss                usart.o
    0x200002a8   0x00000030   Zero   RW          376    .bss                temperture_control.o
    0x200002d8   0x00000400   Zero   RW          514    STACK               startup_stm32f10x_hd.o


==============================================================================

Image component sizes


      Code (inc. data)   RO Data    RW Data    ZI Data      Debug   Object Name

       434         22          0          0         18          0   adc.o
         0          0          0          0          0          0   core_cm3.o
       120          4          0          0          0          0   dac.o
       224         40          0         21          0          0   dj_control.o
       128          6          0          0          0          0   exit.o
       806         68          0         12          0          0   globle.o
        46          0          0          6          0          0   ld_drive.o
       112         10          0          0          0          0   main.o
       152         24          0          0          0          0   misc.o
        36          8        304          0       1024          0   startup_stm32f10x_hd.o
       422         10          0          0          0          0   stm32f10x_adc.o
       236         40          0          0          0          0   stm32f10x_dac.o
       510         36          0          0          0          0   stm32f10x_dma.o
       228         28          0          0          0          0   stm32f10x_exti.o
       508         10          0          0          0          0   stm32f10x_gpio.o
       960        164          0         18          0          0   stm32f10x_it.o
       332         44          0         20          0          0   stm32f10x_rcc.o
      1792        202          0          0          0          0   stm32f10x_tim.o
       416          6          0          0          0          0   stm32f10x_usart.o
       304         26          0          0          0          0   system_stm32f10x.o
       858        102          0        512         48          0   temperture_control.o
       652         34          0          6          0          0   timer.o
       832        128          0          3         62          0   usart.o

    ----------------------------------------------------------------------
     10136       1012        336        600       1152          0   Object Totals
         0          0         32          0          0          0   (incl. Generated)
        28          0          0          2          0          0   (incl. Padding)

    ----------------------------------------------------------------------

      Code (inc. data)   RO Data    RW Data    ZI Data      Debug   Library Member Name

        92          0          0          0          0          0   __dczerorl2.o
         0          0          0          0          0          0   entry.o
         8          4          0          0          0          0   entry2.o
         4          0          0          0          0          0   entry5.o
         8          4          0          0          0          0   entry7.o
        30          0          0          0          0          0   handlers.o
        36          8          0          0          0          0   init.o

    ----------------------------------------------------------------------
       180         16          0          0          0          0   Library Totals
         2          0          0          0          0          0   (incl. Padding)

    ----------------------------------------------------------------------

      Code (inc. data)   RO Data    RW Data    ZI Data      Debug   Library Name

       178         16          0          0          0         68   mc_w.l

    ----------------------------------------------------------------------
       180         16          0          0          0          0   Library Totals

    ----------------------------------------------------------------------

==============================================================================


      Code (inc. data)   RO Data    RW Data    ZI Data      Debug   

     10316       1028        336        600       1152     351724   Grand Totals
     10316       1028        336        480       1152     351724   ELF Image Totals (compressed)
     10316       1028        336        480          0          0   ROM Totals

==============================================================================

    Total RO  Size (Code + RO Data)                10652 (  10.40kB)
    Total RW  Size (RW Data + ZI Data)              1752 (   1.71kB)
    Total ROM Size (Code + RO Data + RW Data)      11132 (  10.87kB)

==============================================================================

